ARM GAS  C:\Users\exp32\AppData\Local\Temp\cc5AfCEP.s 			page 1


   1              		.syntax unified
   2              		.cpu cortex-m0plus
   3              		.fpu softvfp
   4              		.eabi_attribute 20, 1
   5              		.eabi_attribute 21, 1
   6              		.eabi_attribute 23, 3
   7              		.eabi_attribute 24, 1
   8              		.eabi_attribute 25, 1
   9              		.eabi_attribute 26, 1
  10              		.eabi_attribute 30, 1
  11              		.eabi_attribute 34, 0
  12              		.eabi_attribute 18, 4
  13              		.thumb
  14              		.syntax unified
  15              		.file	"cyfitter_cfg.c"
  16              		.text
  17              	.Ltext0:
  18              		.cfi_sections	.debug_frame
  19              		.section	.psocinit,"ax",%progbits
  20              		.align	2
  21              		.code	16
  22              		.thumb_func
  23              		.type	ClockSetup, %function
  24              	ClockSetup:
  25              	.LFB4:
  26              		.file 1 "Generated_Source\\PSoC4\\cyfitter_cfg.c"
   1:Generated_Source\PSoC4/cyfitter_cfg.c **** 
   2:Generated_Source\PSoC4/cyfitter_cfg.c **** /*******************************************************************************
   3:Generated_Source\PSoC4/cyfitter_cfg.c **** * File Name: cyfitter_cfg.c
   4:Generated_Source\PSoC4/cyfitter_cfg.c **** * 
   5:Generated_Source\PSoC4/cyfitter_cfg.c **** * PSoC Creator  4.4
   6:Generated_Source\PSoC4/cyfitter_cfg.c **** *
   7:Generated_Source\PSoC4/cyfitter_cfg.c **** * Description:
   8:Generated_Source\PSoC4/cyfitter_cfg.c **** * This file contains device initialization code.
   9:Generated_Source\PSoC4/cyfitter_cfg.c **** * Except for the user defined sections in CyClockStartupError(), this file should not be modified.
  10:Generated_Source\PSoC4/cyfitter_cfg.c **** * This file is automatically generated by PSoC Creator.
  11:Generated_Source\PSoC4/cyfitter_cfg.c **** *
  12:Generated_Source\PSoC4/cyfitter_cfg.c **** ********************************************************************************
  13:Generated_Source\PSoC4/cyfitter_cfg.c **** * Copyright (c) 2007-2020 Cypress Semiconductor.  All rights reserved.
  14:Generated_Source\PSoC4/cyfitter_cfg.c **** * You may use this file only in accordance with the license, terms, conditions, 
  15:Generated_Source\PSoC4/cyfitter_cfg.c **** * disclaimers, and limitations in the end user license agreement accompanying 
  16:Generated_Source\PSoC4/cyfitter_cfg.c **** * the software package with which this file was provided.
  17:Generated_Source\PSoC4/cyfitter_cfg.c **** ********************************************************************************/
  18:Generated_Source\PSoC4/cyfitter_cfg.c **** 
  19:Generated_Source\PSoC4/cyfitter_cfg.c **** #include <string.h>
  20:Generated_Source\PSoC4/cyfitter_cfg.c **** #include "cytypes.h"
  21:Generated_Source\PSoC4/cyfitter_cfg.c **** #include "cydevice_trm.h"
  22:Generated_Source\PSoC4/cyfitter_cfg.c **** #include "cyfitter.h"
  23:Generated_Source\PSoC4/cyfitter_cfg.c **** #include "CyLib.h"
  24:Generated_Source\PSoC4/cyfitter_cfg.c **** #include "CyLFClk.h"
  25:Generated_Source\PSoC4/cyfitter_cfg.c **** #include "cyfitter_cfg.h"
  26:Generated_Source\PSoC4/cyfitter_cfg.c **** #include "cyapicallbacks.h"
  27:Generated_Source\PSoC4/cyfitter_cfg.c **** 
  28:Generated_Source\PSoC4/cyfitter_cfg.c **** 
  29:Generated_Source\PSoC4/cyfitter_cfg.c **** #if defined(__GNUC__) || defined(__ARMCC_VERSION)
  30:Generated_Source\PSoC4/cyfitter_cfg.c ****     #define CYPACKED 
  31:Generated_Source\PSoC4/cyfitter_cfg.c ****     #define CYPACKED_ATTR __attribute__ ((packed))
ARM GAS  C:\Users\exp32\AppData\Local\Temp\cc5AfCEP.s 			page 2


  32:Generated_Source\PSoC4/cyfitter_cfg.c ****     #define CYALIGNED __attribute__ ((aligned))
  33:Generated_Source\PSoC4/cyfitter_cfg.c ****     #define CY_CFG_UNUSED __attribute__ ((unused))
  34:Generated_Source\PSoC4/cyfitter_cfg.c ****     #ifndef CY_CFG_SECTION
  35:Generated_Source\PSoC4/cyfitter_cfg.c ****         #define CY_CFG_SECTION __attribute__ ((section(".psocinit")))
  36:Generated_Source\PSoC4/cyfitter_cfg.c ****     #endif
  37:Generated_Source\PSoC4/cyfitter_cfg.c ****     
  38:Generated_Source\PSoC4/cyfitter_cfg.c ****     #if defined(__ARMCC_VERSION)
  39:Generated_Source\PSoC4/cyfitter_cfg.c ****         #define CY_CFG_MEMORY_BARRIER() __memory_changed()
  40:Generated_Source\PSoC4/cyfitter_cfg.c ****     #else
  41:Generated_Source\PSoC4/cyfitter_cfg.c ****         #define CY_CFG_MEMORY_BARRIER() __sync_synchronize()
  42:Generated_Source\PSoC4/cyfitter_cfg.c ****     #endif
  43:Generated_Source\PSoC4/cyfitter_cfg.c ****     
  44:Generated_Source\PSoC4/cyfitter_cfg.c **** #elif defined(__ICCARM__)
  45:Generated_Source\PSoC4/cyfitter_cfg.c ****     #include <intrinsics.h>
  46:Generated_Source\PSoC4/cyfitter_cfg.c **** 
  47:Generated_Source\PSoC4/cyfitter_cfg.c ****     #define CYPACKED __packed
  48:Generated_Source\PSoC4/cyfitter_cfg.c ****     #define CYPACKED_ATTR 
  49:Generated_Source\PSoC4/cyfitter_cfg.c ****     #define CYALIGNED _Pragma("data_alignment=4")
  50:Generated_Source\PSoC4/cyfitter_cfg.c ****     #define CY_CFG_UNUSED _Pragma("diag_suppress=Pe177")
  51:Generated_Source\PSoC4/cyfitter_cfg.c ****     #define CY_CFG_SECTION _Pragma("location=\".psocinit\"")
  52:Generated_Source\PSoC4/cyfitter_cfg.c ****     
  53:Generated_Source\PSoC4/cyfitter_cfg.c ****     #define CY_CFG_MEMORY_BARRIER() __DMB()
  54:Generated_Source\PSoC4/cyfitter_cfg.c ****     
  55:Generated_Source\PSoC4/cyfitter_cfg.c **** #else
  56:Generated_Source\PSoC4/cyfitter_cfg.c ****     #error Unsupported toolchain
  57:Generated_Source\PSoC4/cyfitter_cfg.c **** #endif
  58:Generated_Source\PSoC4/cyfitter_cfg.c **** 
  59:Generated_Source\PSoC4/cyfitter_cfg.c **** #ifndef CYCODE
  60:Generated_Source\PSoC4/cyfitter_cfg.c ****     #define CYCODE
  61:Generated_Source\PSoC4/cyfitter_cfg.c **** #endif
  62:Generated_Source\PSoC4/cyfitter_cfg.c **** #ifndef CYDATA
  63:Generated_Source\PSoC4/cyfitter_cfg.c ****     #define CYDATA
  64:Generated_Source\PSoC4/cyfitter_cfg.c **** #endif
  65:Generated_Source\PSoC4/cyfitter_cfg.c **** #ifndef CYFAR
  66:Generated_Source\PSoC4/cyfitter_cfg.c ****     #define CYFAR
  67:Generated_Source\PSoC4/cyfitter_cfg.c **** #endif
  68:Generated_Source\PSoC4/cyfitter_cfg.c **** #ifndef CYXDATA
  69:Generated_Source\PSoC4/cyfitter_cfg.c ****     #define CYXDATA
  70:Generated_Source\PSoC4/cyfitter_cfg.c **** #endif
  71:Generated_Source\PSoC4/cyfitter_cfg.c **** 
  72:Generated_Source\PSoC4/cyfitter_cfg.c **** 
  73:Generated_Source\PSoC4/cyfitter_cfg.c **** CY_CFG_UNUSED
  74:Generated_Source\PSoC4/cyfitter_cfg.c **** static void CYMEMZERO(void *s, size_t n);
  75:Generated_Source\PSoC4/cyfitter_cfg.c **** CY_CFG_UNUSED
  76:Generated_Source\PSoC4/cyfitter_cfg.c **** static void CYMEMZERO(void *s, size_t n)
  77:Generated_Source\PSoC4/cyfitter_cfg.c **** {
  78:Generated_Source\PSoC4/cyfitter_cfg.c **** 	(void)memset(s, 0, n);
  79:Generated_Source\PSoC4/cyfitter_cfg.c **** }
  80:Generated_Source\PSoC4/cyfitter_cfg.c **** CY_CFG_UNUSED
  81:Generated_Source\PSoC4/cyfitter_cfg.c **** static void CYCONFIGCPY(void *dest, const void *src, size_t n);
  82:Generated_Source\PSoC4/cyfitter_cfg.c **** CY_CFG_UNUSED
  83:Generated_Source\PSoC4/cyfitter_cfg.c **** static void CYCONFIGCPY(void *dest, const void *src, size_t n)
  84:Generated_Source\PSoC4/cyfitter_cfg.c **** {
  85:Generated_Source\PSoC4/cyfitter_cfg.c **** 	(void)memcpy(dest, src, n);
  86:Generated_Source\PSoC4/cyfitter_cfg.c **** }
  87:Generated_Source\PSoC4/cyfitter_cfg.c **** CY_CFG_UNUSED
  88:Generated_Source\PSoC4/cyfitter_cfg.c **** static void CYCONFIGCPYCODE(void *dest, const void *src, size_t n);
ARM GAS  C:\Users\exp32\AppData\Local\Temp\cc5AfCEP.s 			page 3


  89:Generated_Source\PSoC4/cyfitter_cfg.c **** CY_CFG_UNUSED
  90:Generated_Source\PSoC4/cyfitter_cfg.c **** static void CYCONFIGCPYCODE(void *dest, const void *src, size_t n)
  91:Generated_Source\PSoC4/cyfitter_cfg.c **** {
  92:Generated_Source\PSoC4/cyfitter_cfg.c **** 	(void)memcpy(dest, src, n);
  93:Generated_Source\PSoC4/cyfitter_cfg.c **** }
  94:Generated_Source\PSoC4/cyfitter_cfg.c **** 
  95:Generated_Source\PSoC4/cyfitter_cfg.c **** 
  96:Generated_Source\PSoC4/cyfitter_cfg.c **** 
  97:Generated_Source\PSoC4/cyfitter_cfg.c **** 
  98:Generated_Source\PSoC4/cyfitter_cfg.c **** /* Clock startup error codes                                                   */
  99:Generated_Source\PSoC4/cyfitter_cfg.c **** #define CYCLOCKSTART_NO_ERROR    0u
 100:Generated_Source\PSoC4/cyfitter_cfg.c **** #define CYCLOCKSTART_XTAL_ERROR  1u
 101:Generated_Source\PSoC4/cyfitter_cfg.c **** #define CYCLOCKSTART_32KHZ_ERROR 2u
 102:Generated_Source\PSoC4/cyfitter_cfg.c **** #define CYCLOCKSTART_PLL_ERROR   3u
 103:Generated_Source\PSoC4/cyfitter_cfg.c **** #define CYCLOCKSTART_FLL_ERROR   4u
 104:Generated_Source\PSoC4/cyfitter_cfg.c **** #define CYCLOCKSTART_WCO_ERROR   5u
 105:Generated_Source\PSoC4/cyfitter_cfg.c **** 
 106:Generated_Source\PSoC4/cyfitter_cfg.c **** 
 107:Generated_Source\PSoC4/cyfitter_cfg.c **** #ifdef CY_NEED_CYCLOCKSTARTUPERROR
 108:Generated_Source\PSoC4/cyfitter_cfg.c **** /*******************************************************************************
 109:Generated_Source\PSoC4/cyfitter_cfg.c **** * Function Name: CyClockStartupError
 110:Generated_Source\PSoC4/cyfitter_cfg.c **** ********************************************************************************
 111:Generated_Source\PSoC4/cyfitter_cfg.c **** * Summary:
 112:Generated_Source\PSoC4/cyfitter_cfg.c **** *  If an error is encountered during clock configuration (crystal startup error,
 113:Generated_Source\PSoC4/cyfitter_cfg.c **** *  PLL lock error, etc.), the system will end up here.  Unless reimplemented by
 114:Generated_Source\PSoC4/cyfitter_cfg.c **** *  the customer, this function will stop in an infinite loop.
 115:Generated_Source\PSoC4/cyfitter_cfg.c **** *
 116:Generated_Source\PSoC4/cyfitter_cfg.c **** * Parameters:
 117:Generated_Source\PSoC4/cyfitter_cfg.c **** *   void
 118:Generated_Source\PSoC4/cyfitter_cfg.c **** *
 119:Generated_Source\PSoC4/cyfitter_cfg.c **** * Return:
 120:Generated_Source\PSoC4/cyfitter_cfg.c **** *   void
 121:Generated_Source\PSoC4/cyfitter_cfg.c **** *
 122:Generated_Source\PSoC4/cyfitter_cfg.c **** *******************************************************************************/
 123:Generated_Source\PSoC4/cyfitter_cfg.c **** CY_CFG_UNUSED
 124:Generated_Source\PSoC4/cyfitter_cfg.c **** static void CyClockStartupError(uint8 errorCode);
 125:Generated_Source\PSoC4/cyfitter_cfg.c **** CY_CFG_UNUSED
 126:Generated_Source\PSoC4/cyfitter_cfg.c **** static void CyClockStartupError(uint8 errorCode)
 127:Generated_Source\PSoC4/cyfitter_cfg.c **** {
 128:Generated_Source\PSoC4/cyfitter_cfg.c ****     /* To remove the compiler warning if errorCode not used.                */
 129:Generated_Source\PSoC4/cyfitter_cfg.c ****     errorCode = errorCode;
 130:Generated_Source\PSoC4/cyfitter_cfg.c **** 
 131:Generated_Source\PSoC4/cyfitter_cfg.c ****     /* If we have a clock startup error (bad MHz crystal, PLL lock, etc.),  */
 132:Generated_Source\PSoC4/cyfitter_cfg.c ****     /* we will end up here to allow the customer to implement something to  */
 133:Generated_Source\PSoC4/cyfitter_cfg.c ****     /* deal with the clock condition.                                       */
 134:Generated_Source\PSoC4/cyfitter_cfg.c **** 
 135:Generated_Source\PSoC4/cyfitter_cfg.c **** #ifdef CY_CFG_CLOCK_STARTUP_ERROR_CALLBACK
 136:Generated_Source\PSoC4/cyfitter_cfg.c ****     CY_CFG_Clock_Startup_ErrorCallback();
 137:Generated_Source\PSoC4/cyfitter_cfg.c **** #else
 138:Generated_Source\PSoC4/cyfitter_cfg.c ****     /*  If not using CY_CFG_CLOCK_STARTUP_ERROR_CALLBACK, place your clock startup code here. */
 139:Generated_Source\PSoC4/cyfitter_cfg.c ****     /* `#START CyClockStartupError` */
 140:Generated_Source\PSoC4/cyfitter_cfg.c **** 
 141:Generated_Source\PSoC4/cyfitter_cfg.c **** 
 142:Generated_Source\PSoC4/cyfitter_cfg.c **** 
 143:Generated_Source\PSoC4/cyfitter_cfg.c ****     /* `#END` */
 144:Generated_Source\PSoC4/cyfitter_cfg.c **** 
 145:Generated_Source\PSoC4/cyfitter_cfg.c ****     while(1) {}
ARM GAS  C:\Users\exp32\AppData\Local\Temp\cc5AfCEP.s 			page 4


 146:Generated_Source\PSoC4/cyfitter_cfg.c **** #endif /* CY_CFG_CLOCK_STARTUP_ERROR_CALLBACK */
 147:Generated_Source\PSoC4/cyfitter_cfg.c **** }
 148:Generated_Source\PSoC4/cyfitter_cfg.c **** #endif
 149:Generated_Source\PSoC4/cyfitter_cfg.c **** 
 150:Generated_Source\PSoC4/cyfitter_cfg.c **** 
 151:Generated_Source\PSoC4/cyfitter_cfg.c **** 
 152:Generated_Source\PSoC4/cyfitter_cfg.c **** /*******************************************************************************
 153:Generated_Source\PSoC4/cyfitter_cfg.c **** * Function Name: ClockSetup
 154:Generated_Source\PSoC4/cyfitter_cfg.c **** ********************************************************************************
 155:Generated_Source\PSoC4/cyfitter_cfg.c **** *
 156:Generated_Source\PSoC4/cyfitter_cfg.c **** * Summary:
 157:Generated_Source\PSoC4/cyfitter_cfg.c **** *   Performs the initialization of all of the clocks in the device based on the
 158:Generated_Source\PSoC4/cyfitter_cfg.c **** *   settings in the Clock tab of the DWR.  This includes enabling the requested
 159:Generated_Source\PSoC4/cyfitter_cfg.c **** *   clocks and setting the necessary dividers to produce the desired frequency. 
 160:Generated_Source\PSoC4/cyfitter_cfg.c **** *
 161:Generated_Source\PSoC4/cyfitter_cfg.c **** * Parameters:
 162:Generated_Source\PSoC4/cyfitter_cfg.c **** *   void
 163:Generated_Source\PSoC4/cyfitter_cfg.c **** *
 164:Generated_Source\PSoC4/cyfitter_cfg.c **** * Return:
 165:Generated_Source\PSoC4/cyfitter_cfg.c **** *   void
 166:Generated_Source\PSoC4/cyfitter_cfg.c **** *
 167:Generated_Source\PSoC4/cyfitter_cfg.c **** *******************************************************************************/
 168:Generated_Source\PSoC4/cyfitter_cfg.c **** static void ClockSetup(void);
 169:Generated_Source\PSoC4/cyfitter_cfg.c **** CY_CFG_SECTION
 170:Generated_Source\PSoC4/cyfitter_cfg.c **** static void ClockSetup(void)
 171:Generated_Source\PSoC4/cyfitter_cfg.c **** {
  27              		.loc 1 171 0
  28              		.cfi_startproc
  29              		@ args = 0, pretend = 0, frame = 0
  30              		@ frame_needed = 0, uses_anonymous_args = 0
  31 0000 10B5     		push	{r4, lr}
  32              		.cfi_def_cfa_offset 8
  33              		.cfi_offset 4, -8
  34              		.cfi_offset 14, -4
 172:Generated_Source\PSoC4/cyfitter_cfg.c **** 
 173:Generated_Source\PSoC4/cyfitter_cfg.c **** 	/* Set Flash Cycles based on max possible frequency in case a glitch occurs during ClockSetup(). *
 174:Generated_Source\PSoC4/cyfitter_cfg.c **** 	CY_SET_REG32((void CYXDATA *)(CYREG_CPUSS_FLASH_CTL), (0x0012u));
  35              		.loc 1 174 0
  36 0002 234C     		ldr	r4, .L2
  37 0004 1223     		movs	r3, #18
  38 0006 2360     		str	r3, [r4]
 175:Generated_Source\PSoC4/cyfitter_cfg.c **** 	/* Update IMO to new clock speed. */
 176:Generated_Source\PSoC4/cyfitter_cfg.c **** 	CySysClkWriteImoFreq(24u);
  39              		.loc 1 176 0
  40 0008 1820     		movs	r0, #24
  41 000a FFF7FEFF 		bl	CySysClkWriteImoFreq
  42              	.LVL0:
 177:Generated_Source\PSoC4/cyfitter_cfg.c **** 
 178:Generated_Source\PSoC4/cyfitter_cfg.c **** 	/* Setup phase aligned clocks */
 179:Generated_Source\PSoC4/cyfitter_cfg.c **** 	CY_SET_REG32((void *)CYREG_PERI_DIV_16_CTL3, 0x00001700u);
  43              		.loc 1 179 0
  44 000e B822     		movs	r2, #184
  45 0010 5201     		lsls	r2, r2, #5
  46 0012 204B     		ldr	r3, .L2+4
  47 0014 1A60     		str	r2, [r3]
 180:Generated_Source\PSoC4/cyfitter_cfg.c **** 	CY_SET_REG32((void *)CYREG_PERI_DIV_CMD, 0x8000FF43u);
  48              		.loc 1 180 0
ARM GAS  C:\Users\exp32\AppData\Local\Temp\cc5AfCEP.s 			page 5


  49 0016 204B     		ldr	r3, .L2+8
  50 0018 204A     		ldr	r2, .L2+12
  51 001a 1A60     		str	r2, [r3]
 181:Generated_Source\PSoC4/cyfitter_cfg.c **** 	CY_SET_REG32((void *)CYREG_PERI_DIV_16_CTL2, 0x00000100u);
  52              		.loc 1 181 0
  53 001c 8021     		movs	r1, #128
  54 001e 4900     		lsls	r1, r1, #1
  55 0020 1F4A     		ldr	r2, .L2+16
  56 0022 1160     		str	r1, [r2]
 182:Generated_Source\PSoC4/cyfitter_cfg.c **** 	CY_SET_REG32((void *)CYREG_PERI_DIV_CMD, 0x8000FF42u);
  57              		.loc 1 182 0
  58 0024 1F4A     		ldr	r2, .L2+20
  59 0026 1A60     		str	r2, [r3]
 183:Generated_Source\PSoC4/cyfitter_cfg.c **** 	CY_SET_REG32((void *)CYREG_PERI_DIV_16_CTL0, 0x0000FE00u);
  60              		.loc 1 183 0
  61 0028 FE21     		movs	r1, #254
  62 002a 0902     		lsls	r1, r1, #8
  63 002c 1E4A     		ldr	r2, .L2+24
  64 002e 1160     		str	r1, [r2]
 184:Generated_Source\PSoC4/cyfitter_cfg.c **** 	CY_SET_REG32((void *)CYREG_PERI_DIV_CMD, 0x8000FF40u);
  65              		.loc 1 184 0
  66 0030 1E4A     		ldr	r2, .L2+28
  67 0032 1A60     		str	r2, [r3]
 185:Generated_Source\PSoC4/cyfitter_cfg.c **** 	CY_SET_REG32((void *)CYREG_PERI_DIV_16_CTL4, 0x00006700u);
  68              		.loc 1 185 0
  69 0034 CE21     		movs	r1, #206
  70 0036 C901     		lsls	r1, r1, #7
  71 0038 1D4A     		ldr	r2, .L2+32
  72 003a 1160     		str	r1, [r2]
 186:Generated_Source\PSoC4/cyfitter_cfg.c **** 	CY_SET_REG32((void *)CYREG_PERI_DIV_CMD, 0x8000FF44u);
  73              		.loc 1 186 0
  74 003c 1D4A     		ldr	r2, .L2+36
  75 003e 1A60     		str	r2, [r3]
 187:Generated_Source\PSoC4/cyfitter_cfg.c **** 	CY_SET_REG32((void *)CYREG_PERI_DIV_16_CTL1, 0x0001DF00u);
  76              		.loc 1 187 0
  77 0040 1D49     		ldr	r1, .L2+40
  78 0042 1E4A     		ldr	r2, .L2+44
  79 0044 1160     		str	r1, [r2]
 188:Generated_Source\PSoC4/cyfitter_cfg.c **** 	CY_SET_REG32((void *)CYREG_PERI_DIV_CMD, 0x8000FF41u);
  80              		.loc 1 188 0
  81 0046 1E4A     		ldr	r2, .L2+48
  82 0048 1A60     		str	r2, [r3]
 189:Generated_Source\PSoC4/cyfitter_cfg.c **** 
 190:Generated_Source\PSoC4/cyfitter_cfg.c **** 	/* CYDEV_CLK_SELECT Starting address: CYDEV_CLK_SELECT */
 191:Generated_Source\PSoC4/cyfitter_cfg.c **** 	CY_SET_REG32((void *)(CYREG_CLK_SELECT), 0x00000020u);
  83              		.loc 1 191 0
  84 004a 2022     		movs	r2, #32
  85 004c 1D4B     		ldr	r3, .L2+52
  86 004e 1A60     		str	r2, [r3]
 192:Generated_Source\PSoC4/cyfitter_cfg.c **** 
 193:Generated_Source\PSoC4/cyfitter_cfg.c **** 	/* CYDEV_PERI_PCLK_CTL18 Starting address: CYDEV_PERI_PCLK_CTL18 */
 194:Generated_Source\PSoC4/cyfitter_cfg.c **** 	CY_SET_REG32((void *)(CYREG_PERI_PCLK_CTL18), 0x00000043u);
  87              		.loc 1 194 0
  88 0050 2332     		adds	r2, r2, #35
  89 0052 1D4B     		ldr	r3, .L2+56
  90 0054 1A60     		str	r2, [r3]
 195:Generated_Source\PSoC4/cyfitter_cfg.c **** 
ARM GAS  C:\Users\exp32\AppData\Local\Temp\cc5AfCEP.s 			page 6


 196:Generated_Source\PSoC4/cyfitter_cfg.c **** 	/* CYDEV_PERI_PCLK_CTL12 Starting address: CYDEV_PERI_PCLK_CTL12 */
 197:Generated_Source\PSoC4/cyfitter_cfg.c **** 	CY_SET_REG32((void *)(CYREG_PERI_PCLK_CTL12), 0x00000042u);
  91              		.loc 1 197 0
  92 0056 013A     		subs	r2, r2, #1
  93 0058 1C4B     		ldr	r3, .L2+60
  94 005a 1A60     		str	r2, [r3]
 198:Generated_Source\PSoC4/cyfitter_cfg.c **** 
 199:Generated_Source\PSoC4/cyfitter_cfg.c **** 	/* CYDEV_PERI_PCLK_CTL5 Starting address: CYDEV_PERI_PCLK_CTL5 */
 200:Generated_Source\PSoC4/cyfitter_cfg.c **** 	CY_SET_REG32((void *)(CYREG_PERI_PCLK_CTL5), 0x00000040u);
  95              		.loc 1 200 0
  96 005c 023A     		subs	r2, r2, #2
  97 005e 1C4B     		ldr	r3, .L2+64
  98 0060 1A60     		str	r2, [r3]
 201:Generated_Source\PSoC4/cyfitter_cfg.c **** 
 202:Generated_Source\PSoC4/cyfitter_cfg.c **** 	/* CYDEV_PERI_PCLK_CTL3 Starting address: CYDEV_PERI_PCLK_CTL3 */
 203:Generated_Source\PSoC4/cyfitter_cfg.c **** 	CY_SET_REG32((void *)(CYREG_PERI_PCLK_CTL3), 0x00000044u);
  99              		.loc 1 203 0
 100 0062 0432     		adds	r2, r2, #4
 101 0064 1B4B     		ldr	r3, .L2+68
 102 0066 1A60     		str	r2, [r3]
 204:Generated_Source\PSoC4/cyfitter_cfg.c **** 
 205:Generated_Source\PSoC4/cyfitter_cfg.c **** 	/* CYDEV_PERI_PCLK_CTL0 Starting address: CYDEV_PERI_PCLK_CTL0 */
 206:Generated_Source\PSoC4/cyfitter_cfg.c **** 	CY_SET_REG32((void *)(CYREG_PERI_PCLK_CTL0), 0x00000041u);
 103              		.loc 1 206 0
 104 0068 033A     		subs	r2, r2, #3
 105 006a 1B4B     		ldr	r3, .L2+72
 106 006c 1A60     		str	r2, [r3]
 207:Generated_Source\PSoC4/cyfitter_cfg.c **** 
 208:Generated_Source\PSoC4/cyfitter_cfg.c **** 	(void)CyIntSetVector(13u, &CySysTimerIsr);
 107              		.loc 1 208 0
 108 006e 1B49     		ldr	r1, .L2+76
 109 0070 0D20     		movs	r0, #13
 110 0072 FFF7FEFF 		bl	CyIntSetVector
 111              	.LVL1:
 209:Generated_Source\PSoC4/cyfitter_cfg.c **** 	CyIntEnable(13u);
 112              		.loc 1 209 0
 113 0076 0D20     		movs	r0, #13
 114 0078 FFF7FEFF 		bl	CyIntEnable
 115              	.LVL2:
 210:Generated_Source\PSoC4/cyfitter_cfg.c **** 	CY_SET_REG32((void *)(CYREG_WCO_WDT_CONFIG), 0x00000000u);
 116              		.loc 1 210 0
 117 007c 0022     		movs	r2, #0
 118 007e 184B     		ldr	r3, .L2+80
 119 0080 1A60     		str	r2, [r3]
 211:Generated_Source\PSoC4/cyfitter_cfg.c **** 	CySysClkSetTimerSource(CY_SYS_CLK_TIMER_SRC_ILO);
 120              		.loc 1 211 0
 121 0082 0020     		movs	r0, #0
 122 0084 FFF7FEFF 		bl	CySysClkSetTimerSource
 123              	.LVL3:
 212:Generated_Source\PSoC4/cyfitter_cfg.c **** 	/* Set Flash Cycles based on newly configured 24.00MHz HFCLK. */
 213:Generated_Source\PSoC4/cyfitter_cfg.c **** 	CY_SET_REG32((void CYXDATA *)(CYREG_CPUSS_FLASH_CTL), (0x0011u));
 124              		.loc 1 213 0
 125 0088 1123     		movs	r3, #17
 126 008a 2360     		str	r3, [r4]
 214:Generated_Source\PSoC4/cyfitter_cfg.c **** }
 127              		.loc 1 214 0
 128              		@ sp needed
ARM GAS  C:\Users\exp32\AppData\Local\Temp\cc5AfCEP.s 			page 7


 129 008c 10BD     		pop	{r4, pc}
 130              	.L3:
 131 008e C046     		.align	2
 132              	.L2:
 133 0090 30001040 		.word	1074790448
 134 0094 0C030140 		.word	1073808140
 135 0098 00000140 		.word	1073807360
 136 009c 43FF0080 		.word	-2147418301
 137 00a0 08030140 		.word	1073808136
 138 00a4 42FF0080 		.word	-2147418302
 139 00a8 00030140 		.word	1073808128
 140 00ac 40FF0080 		.word	-2147418304
 141 00b0 10030140 		.word	1073808144
 142 00b4 44FF0080 		.word	-2147418300
 143 00b8 00DF0100 		.word	122624
 144 00bc 04030140 		.word	1073808132
 145 00c0 41FF0080 		.word	-2147418303
 146 00c4 28000340 		.word	1073938472
 147 00c8 48010140 		.word	1073807688
 148 00cc 30010140 		.word	1073807664
 149 00d0 14010140 		.word	1073807636
 150 00d4 0C010140 		.word	1073807628
 151 00d8 00010140 		.word	1073807616
 152 00dc 00000000 		.word	CySysTimerIsr
 153 00e0 0C022240 		.word	1075970572
 154              		.cfi_endproc
 155              	.LFE4:
 156              		.size	ClockSetup, .-ClockSetup
 157              		.section	.text.SetAnalogRoutingPumps,"ax",%progbits
 158              		.align	2
 159              		.global	SetAnalogRoutingPumps
 160              		.code	16
 161              		.thumb_func
 162              		.type	SetAnalogRoutingPumps, %function
 163              	SetAnalogRoutingPumps:
 164              	.LFB6:
 215:Generated_Source\PSoC4/cyfitter_cfg.c **** 
 216:Generated_Source\PSoC4/cyfitter_cfg.c **** 
 217:Generated_Source\PSoC4/cyfitter_cfg.c **** /* Analog API Functions */
 218:Generated_Source\PSoC4/cyfitter_cfg.c **** 
 219:Generated_Source\PSoC4/cyfitter_cfg.c **** 
 220:Generated_Source\PSoC4/cyfitter_cfg.c **** /*******************************************************************************
 221:Generated_Source\PSoC4/cyfitter_cfg.c **** * Function Name: AnalogSetDefault
 222:Generated_Source\PSoC4/cyfitter_cfg.c **** ********************************************************************************
 223:Generated_Source\PSoC4/cyfitter_cfg.c **** *
 224:Generated_Source\PSoC4/cyfitter_cfg.c **** * Summary:
 225:Generated_Source\PSoC4/cyfitter_cfg.c **** *  Sets up the analog portions of the chip to default values based on chip
 226:Generated_Source\PSoC4/cyfitter_cfg.c **** *  configuration options from the project.
 227:Generated_Source\PSoC4/cyfitter_cfg.c **** *
 228:Generated_Source\PSoC4/cyfitter_cfg.c **** * Parameters:
 229:Generated_Source\PSoC4/cyfitter_cfg.c **** *  void
 230:Generated_Source\PSoC4/cyfitter_cfg.c **** *
 231:Generated_Source\PSoC4/cyfitter_cfg.c **** * Return:
 232:Generated_Source\PSoC4/cyfitter_cfg.c **** *  void
 233:Generated_Source\PSoC4/cyfitter_cfg.c **** *
 234:Generated_Source\PSoC4/cyfitter_cfg.c **** *******************************************************************************/
 235:Generated_Source\PSoC4/cyfitter_cfg.c **** static void AnalogSetDefault(void);
ARM GAS  C:\Users\exp32\AppData\Local\Temp\cc5AfCEP.s 			page 8


 236:Generated_Source\PSoC4/cyfitter_cfg.c **** static void AnalogSetDefault(void)
 237:Generated_Source\PSoC4/cyfitter_cfg.c **** {
 238:Generated_Source\PSoC4/cyfitter_cfg.c **** 	CY_SET_XTND_REG32((void CYFAR *)CYREG_CSD_SW_DSI_SEL, 0x00000011u);
 239:Generated_Source\PSoC4/cyfitter_cfg.c **** 	CY_SET_XTND_REG32((void CYFAR *)CYREG_CTBM0_DFT_CTRL, 0x00000003u);
 240:Generated_Source\PSoC4/cyfitter_cfg.c **** 	CY_SET_XTND_REG32((void CYFAR *)CYREG_SAR_CTRL, 0x80000000u);
 241:Generated_Source\PSoC4/cyfitter_cfg.c **** 	CY_SET_XTND_REG32((void CYFAR *)CYREG_SAR_MUX_SWITCH0, 0x00000008u);
 242:Generated_Source\PSoC4/cyfitter_cfg.c **** 	CY_SET_XTND_REG32((void CYFAR *)CYREG_PASS_DSAB_DSAB_CTRL, 0x00000020u);
 243:Generated_Source\PSoC4/cyfitter_cfg.c **** 	SetAnalogRoutingPumps(1);
 244:Generated_Source\PSoC4/cyfitter_cfg.c **** }
 245:Generated_Source\PSoC4/cyfitter_cfg.c **** 
 246:Generated_Source\PSoC4/cyfitter_cfg.c **** 
 247:Generated_Source\PSoC4/cyfitter_cfg.c **** /*******************************************************************************
 248:Generated_Source\PSoC4/cyfitter_cfg.c **** * Function Name: SetAnalogRoutingPumps
 249:Generated_Source\PSoC4/cyfitter_cfg.c **** ********************************************************************************
 250:Generated_Source\PSoC4/cyfitter_cfg.c **** *
 251:Generated_Source\PSoC4/cyfitter_cfg.c **** * Summary:
 252:Generated_Source\PSoC4/cyfitter_cfg.c **** * Enables or disables the analog pumps feeding analog routing switches.
 253:Generated_Source\PSoC4/cyfitter_cfg.c **** * Intended to be called at startup, based on the Vdda system configuration;
 254:Generated_Source\PSoC4/cyfitter_cfg.c **** * may be called during operation when the user informs us that the Vdda voltage crossed the pump th
 255:Generated_Source\PSoC4/cyfitter_cfg.c **** *
 256:Generated_Source\PSoC4/cyfitter_cfg.c **** * Parameters:
 257:Generated_Source\PSoC4/cyfitter_cfg.c **** *  enabled - 1 to enable the pumps, 0 to disable the pumps
 258:Generated_Source\PSoC4/cyfitter_cfg.c **** *
 259:Generated_Source\PSoC4/cyfitter_cfg.c **** * Return:
 260:Generated_Source\PSoC4/cyfitter_cfg.c **** *  void
 261:Generated_Source\PSoC4/cyfitter_cfg.c **** *
 262:Generated_Source\PSoC4/cyfitter_cfg.c **** *******************************************************************************/
 263:Generated_Source\PSoC4/cyfitter_cfg.c **** void SetAnalogRoutingPumps(uint8 enabled)
 264:Generated_Source\PSoC4/cyfitter_cfg.c **** {
 165              		.loc 1 264 0
 166              		.cfi_startproc
 167              		@ args = 0, pretend = 0, frame = 0
 168              		@ frame_needed = 0, uses_anonymous_args = 0
 169              		@ link register save eliminated.
 170              	.LVL4:
 265:Generated_Source\PSoC4/cyfitter_cfg.c **** 	uint32 regValue = CY_GET_XTND_REG32((void *)(CYREG_SAR_PUMP_CTRL));
 171              		.loc 1 265 0
 172 0000 064B     		ldr	r3, .L7
 173 0002 1B68     		ldr	r3, [r3]
 174              	.LVL5:
 266:Generated_Source\PSoC4/cyfitter_cfg.c **** 	if (enabled != 0u)
 175              		.loc 1 266 0
 176 0004 0028     		cmp	r0, #0
 177 0006 03D0     		beq	.L5
 267:Generated_Source\PSoC4/cyfitter_cfg.c **** 	{
 268:Generated_Source\PSoC4/cyfitter_cfg.c **** 		regValue |= 0x80000000u;
 178              		.loc 1 268 0
 179 0008 8022     		movs	r2, #128
 180 000a 1206     		lsls	r2, r2, #24
 181 000c 1343     		orrs	r3, r2
 182              	.LVL6:
 183 000e 01E0     		b	.L6
 184              	.L5:
 269:Generated_Source\PSoC4/cyfitter_cfg.c **** 	}
 270:Generated_Source\PSoC4/cyfitter_cfg.c **** 	else
 271:Generated_Source\PSoC4/cyfitter_cfg.c **** 	{
 272:Generated_Source\PSoC4/cyfitter_cfg.c **** 		regValue &= ~0x80000000u;
ARM GAS  C:\Users\exp32\AppData\Local\Temp\cc5AfCEP.s 			page 9


 185              		.loc 1 272 0
 186 0010 5B00     		lsls	r3, r3, #1
 187              	.LVL7:
 188 0012 5B08     		lsrs	r3, r3, #1
 189              	.LVL8:
 190              	.L6:
 273:Generated_Source\PSoC4/cyfitter_cfg.c **** 	}
 274:Generated_Source\PSoC4/cyfitter_cfg.c **** 	CY_SET_XTND_REG32((void *)(CYREG_SAR_PUMP_CTRL), regValue);
 191              		.loc 1 274 0
 192 0014 014A     		ldr	r2, .L7
 193 0016 1360     		str	r3, [r2]
 275:Generated_Source\PSoC4/cyfitter_cfg.c **** }
 194              		.loc 1 275 0
 195              		@ sp needed
 196 0018 7047     		bx	lr
 197              	.L8:
 198 001a C046     		.align	2
 199              	.L7:
 200 001c 80033A40 		.word	1077543808
 201              		.cfi_endproc
 202              	.LFE6:
 203              		.size	SetAnalogRoutingPumps, .-SetAnalogRoutingPumps
 204              		.section	.text.AnalogSetDefault,"ax",%progbits
 205              		.align	2
 206              		.code	16
 207              		.thumb_func
 208              		.type	AnalogSetDefault, %function
 209              	AnalogSetDefault:
 210              	.LFB5:
 237:Generated_Source\PSoC4/cyfitter_cfg.c **** 	CY_SET_XTND_REG32((void CYFAR *)CYREG_CSD_SW_DSI_SEL, 0x00000011u);
 211              		.loc 1 237 0
 212              		.cfi_startproc
 213              		@ args = 0, pretend = 0, frame = 0
 214              		@ frame_needed = 0, uses_anonymous_args = 0
 215 0000 10B5     		push	{r4, lr}
 216              		.cfi_def_cfa_offset 8
 217              		.cfi_offset 4, -8
 218              		.cfi_offset 14, -4
 238:Generated_Source\PSoC4/cyfitter_cfg.c **** 	CY_SET_XTND_REG32((void CYFAR *)CYREG_CTBM0_DFT_CTRL, 0x00000003u);
 219              		.loc 1 238 0
 220 0002 1122     		movs	r2, #17
 221 0004 094B     		ldr	r3, .L10
 222 0006 1A60     		str	r2, [r3]
 239:Generated_Source\PSoC4/cyfitter_cfg.c **** 	CY_SET_XTND_REG32((void CYFAR *)CYREG_SAR_CTRL, 0x80000000u);
 223              		.loc 1 239 0
 224 0008 0E3A     		subs	r2, r2, #14
 225 000a 094B     		ldr	r3, .L10+4
 226 000c 1A60     		str	r2, [r3]
 240:Generated_Source\PSoC4/cyfitter_cfg.c **** 	CY_SET_XTND_REG32((void CYFAR *)CYREG_SAR_MUX_SWITCH0, 0x00000008u);
 227              		.loc 1 240 0
 228 000e 8022     		movs	r2, #128
 229 0010 1206     		lsls	r2, r2, #24
 230 0012 084B     		ldr	r3, .L10+8
 231 0014 1A60     		str	r2, [r3]
 241:Generated_Source\PSoC4/cyfitter_cfg.c **** 	CY_SET_XTND_REG32((void CYFAR *)CYREG_PASS_DSAB_DSAB_CTRL, 0x00000020u);
 232              		.loc 1 241 0
 233 0016 0822     		movs	r2, #8
ARM GAS  C:\Users\exp32\AppData\Local\Temp\cc5AfCEP.s 			page 10


 234 0018 074B     		ldr	r3, .L10+12
 235 001a 1A60     		str	r2, [r3]
 242:Generated_Source\PSoC4/cyfitter_cfg.c **** 	SetAnalogRoutingPumps(1);
 236              		.loc 1 242 0
 237 001c 1832     		adds	r2, r2, #24
 238 001e 074B     		ldr	r3, .L10+16
 239 0020 1A60     		str	r2, [r3]
 243:Generated_Source\PSoC4/cyfitter_cfg.c **** }
 240              		.loc 1 243 0
 241 0022 0120     		movs	r0, #1
 242 0024 FFF7FEFF 		bl	SetAnalogRoutingPumps
 243              	.LVL9:
 244:Generated_Source\PSoC4/cyfitter_cfg.c **** 
 244              		.loc 1 244 0
 245              		@ sp needed
 246 0028 10BD     		pop	{r4, pc}
 247              	.L11:
 248 002a C046     		.align	2
 249              	.L10:
 250 002c C0022940 		.word	1076429504
 251 0030 30003040 		.word	1076887600
 252 0034 00003A40 		.word	1077542912
 253 0038 00033A40 		.word	1077543680
 254 003c 000E3F40 		.word	1077874176
 255              		.cfi_endproc
 256              	.LFE5:
 257              		.size	AnalogSetDefault, .-AnalogSetDefault
 258              		.section	.psocinit
 259              		.align	2
 260              		.global	cyfitter_cfg
 261              		.code	16
 262              		.thumb_func
 263              		.type	cyfitter_cfg, %function
 264              	cyfitter_cfg:
 265              	.LFB7:
 276:Generated_Source\PSoC4/cyfitter_cfg.c **** 
 277:Generated_Source\PSoC4/cyfitter_cfg.c **** 
 278:Generated_Source\PSoC4/cyfitter_cfg.c **** 
 279:Generated_Source\PSoC4/cyfitter_cfg.c **** 
 280:Generated_Source\PSoC4/cyfitter_cfg.c **** /*******************************************************************************
 281:Generated_Source\PSoC4/cyfitter_cfg.c **** * Function Name: cyfitter_cfg
 282:Generated_Source\PSoC4/cyfitter_cfg.c **** ********************************************************************************
 283:Generated_Source\PSoC4/cyfitter_cfg.c **** * Summary:
 284:Generated_Source\PSoC4/cyfitter_cfg.c **** *  This function is called by the start-up code for the selected device. It
 285:Generated_Source\PSoC4/cyfitter_cfg.c **** *  performs all of the necessary device configuration based on the design
 286:Generated_Source\PSoC4/cyfitter_cfg.c **** *  settings.  This includes settings from the Design Wide Resources (DWR) such
 287:Generated_Source\PSoC4/cyfitter_cfg.c **** *  as Clocks and Pins as well as any component configuration that is necessary.
 288:Generated_Source\PSoC4/cyfitter_cfg.c **** *
 289:Generated_Source\PSoC4/cyfitter_cfg.c **** * Parameters:
 290:Generated_Source\PSoC4/cyfitter_cfg.c **** *   void
 291:Generated_Source\PSoC4/cyfitter_cfg.c **** *
 292:Generated_Source\PSoC4/cyfitter_cfg.c **** * Return:
 293:Generated_Source\PSoC4/cyfitter_cfg.c **** *   void
 294:Generated_Source\PSoC4/cyfitter_cfg.c **** *
 295:Generated_Source\PSoC4/cyfitter_cfg.c **** *******************************************************************************/
 296:Generated_Source\PSoC4/cyfitter_cfg.c **** CY_CFG_SECTION
 297:Generated_Source\PSoC4/cyfitter_cfg.c **** void cyfitter_cfg(void)
ARM GAS  C:\Users\exp32\AppData\Local\Temp\cc5AfCEP.s 			page 11


 298:Generated_Source\PSoC4/cyfitter_cfg.c **** {
 266              		.loc 1 298 0
 267              		.cfi_startproc
 268              		@ args = 0, pretend = 0, frame = 0
 269              		@ frame_needed = 0, uses_anonymous_args = 0
 270 00e4 10B5     		push	{r4, lr}
 271              		.cfi_def_cfa_offset 8
 272              		.cfi_offset 4, -8
 273              		.cfi_offset 14, -4
 299:Generated_Source\PSoC4/cyfitter_cfg.c **** 	/* Disable interrupts by default. Let user enable if/when they want. */
 300:Generated_Source\PSoC4/cyfitter_cfg.c **** 	CyGlobalIntDisable;
 274              		.loc 1 300 0
 275              		.syntax divided
 276              	@ 300 "Generated_Source\PSoC4\cyfitter_cfg.c" 1
 277 00e6 72B6     		CPSID   i
 278              	@ 0 "" 2
 301:Generated_Source\PSoC4/cyfitter_cfg.c **** 
 302:Generated_Source\PSoC4/cyfitter_cfg.c **** 	{
 303:Generated_Source\PSoC4/cyfitter_cfg.c **** 		/* HSIOM Starting address: CYDEV_HSIOM_BASE */
 304:Generated_Source\PSoC4/cyfitter_cfg.c **** 		CY_SET_REG32((void *)(CYREG_HSIOM_PORT_SEL1), 0x00080FFFu);
 279              		.loc 1 304 0
 280              		.thumb
 281              		.syntax unified
 282 00e8 1D4A     		ldr	r2, .L13
 283 00ea 1E4B     		ldr	r3, .L13+4
 284 00ec 1A60     		str	r2, [r3]
 305:Generated_Source\PSoC4/cyfitter_cfg.c **** 		CY_SET_REG32((void *)(CYREG_HSIOM_PORT_SEL2), 0x00990000u);
 285              		.loc 1 305 0
 286 00ee 9922     		movs	r2, #153
 287 00f0 1204     		lsls	r2, r2, #16
 288 00f2 1D4B     		ldr	r3, .L13+8
 289 00f4 1A60     		str	r2, [r3]
 306:Generated_Source\PSoC4/cyfitter_cfg.c **** 		CY_SET_REG32((void *)(CYREG_HSIOM_PORT_SEL3), 0x0000EE00u);
 290              		.loc 1 306 0
 291 00f6 EE22     		movs	r2, #238
 292 00f8 1202     		lsls	r2, r2, #8
 293 00fa 1C4B     		ldr	r3, .L13+12
 294 00fc 1A60     		str	r2, [r3]
 307:Generated_Source\PSoC4/cyfitter_cfg.c **** 
 308:Generated_Source\PSoC4/cyfitter_cfg.c **** 	}
 309:Generated_Source\PSoC4/cyfitter_cfg.c **** 
 310:Generated_Source\PSoC4/cyfitter_cfg.c **** 	/* Perform second pass device configuration. These items must be configured in specific order afte
 311:Generated_Source\PSoC4/cyfitter_cfg.c **** 	/* IOPINS0_0 Starting address: CYDEV_GPIO_PRT0_BASE */
 312:Generated_Source\PSoC4/cyfitter_cfg.c **** 	CY_SET_REG32((void *)(CYDEV_GPIO_PRT0_BASE), 0x000000BFu);
 295              		.loc 1 312 0
 296 00fe BF22     		movs	r2, #191
 297 0100 1B4B     		ldr	r3, .L13+16
 298 0102 1A60     		str	r2, [r3]
 313:Generated_Source\PSoC4/cyfitter_cfg.c **** 	CY_SET_REG32((void *)(CYREG_GPIO_PRT0_PC2), 0x000000FFu);
 299              		.loc 1 313 0
 300 0104 4032     		adds	r2, r2, #64
 301 0106 1B4B     		ldr	r3, .L13+20
 302 0108 1A60     		str	r2, [r3]
 314:Generated_Source\PSoC4/cyfitter_cfg.c **** 
 315:Generated_Source\PSoC4/cyfitter_cfg.c **** 	/* IOPINS0_1 Starting address: CYDEV_GPIO_PRT1_BASE */
 316:Generated_Source\PSoC4/cyfitter_cfg.c **** 	CY_SET_REG32((void *)(CYDEV_GPIO_PRT1_BASE), 0x00000015u);
 303              		.loc 1 316 0
ARM GAS  C:\Users\exp32\AppData\Local\Temp\cc5AfCEP.s 			page 12


 304 010a EA3A     		subs	r2, r2, #234
 305 010c 1A4B     		ldr	r3, .L13+24
 306 010e 1A60     		str	r2, [r3]
 317:Generated_Source\PSoC4/cyfitter_cfg.c **** 	CY_SET_REG32((void *)(CYREG_GPIO_PRT1_PC), 0x00206D8Eu);
 307              		.loc 1 317 0
 308 0110 1A4A     		ldr	r2, .L13+28
 309 0112 1B4B     		ldr	r3, .L13+32
 310 0114 1A60     		str	r2, [r3]
 318:Generated_Source\PSoC4/cyfitter_cfg.c **** 	CY_SET_REG32((void *)(CYREG_GPIO_PRT1_PC2), 0x00000005u);
 311              		.loc 1 318 0
 312 0116 0522     		movs	r2, #5
 313 0118 1A4B     		ldr	r3, .L13+36
 314 011a 1A60     		str	r2, [r3]
 319:Generated_Source\PSoC4/cyfitter_cfg.c **** 
 320:Generated_Source\PSoC4/cyfitter_cfg.c **** 	/* IOPINS0_2 Starting address: CYDEV_GPIO_PRT2_BASE */
 321:Generated_Source\PSoC4/cyfitter_cfg.c **** 	CY_SET_REG32((void *)(CYDEV_GPIO_PRT2_BASE), 0x00000028u);
 315              		.loc 1 321 0
 316 011c 2823     		movs	r3, #40
 317 011e 1A4A     		ldr	r2, .L13+40
 318 0120 1360     		str	r3, [r2]
 322:Generated_Source\PSoC4/cyfitter_cfg.c **** 	CY_SET_REG32((void *)(CYREG_GPIO_PRT2_PC), 0x00DB1000u);
 319              		.loc 1 322 0
 320 0122 1A49     		ldr	r1, .L13+44
 321 0124 1A4A     		ldr	r2, .L13+48
 322 0126 1160     		str	r1, [r2]
 323:Generated_Source\PSoC4/cyfitter_cfg.c **** 	CY_SET_REG32((void *)(CYREG_GPIO_PRT2_PC2), 0x00000028u);
 323              		.loc 1 323 0
 324 0128 1A4A     		ldr	r2, .L13+52
 325 012a 1360     		str	r3, [r2]
 324:Generated_Source\PSoC4/cyfitter_cfg.c **** 
 325:Generated_Source\PSoC4/cyfitter_cfg.c **** 	/* IOPINS0_3 Starting address: CYDEV_GPIO_PRT3_BASE */
 326:Generated_Source\PSoC4/cyfitter_cfg.c **** 	CY_SET_REG32((void *)(CYDEV_GPIO_PRT3_BASE), 0x000000E3u);
 326              		.loc 1 326 0
 327 012c BB33     		adds	r3, r3, #187
 328 012e 1A4A     		ldr	r2, .L13+56
 329 0130 1360     		str	r3, [r2]
 327:Generated_Source\PSoC4/cyfitter_cfg.c **** 	CY_SET_REG32((void *)(CYREG_GPIO_PRT3_PC), 0x00000D80u);
 330              		.loc 1 327 0
 331 0132 D821     		movs	r1, #216
 332 0134 0901     		lsls	r1, r1, #4
 333 0136 194A     		ldr	r2, .L13+60
 334 0138 1160     		str	r1, [r2]
 328:Generated_Source\PSoC4/cyfitter_cfg.c **** 	CY_SET_REG32((void *)(CYREG_GPIO_PRT3_PC2), 0x000000E3u);
 335              		.loc 1 328 0
 336 013a 194A     		ldr	r2, .L13+64
 337 013c 1360     		str	r3, [r2]
 329:Generated_Source\PSoC4/cyfitter_cfg.c **** 
 330:Generated_Source\PSoC4/cyfitter_cfg.c **** 	/* IOPINS0_4 Starting address: CYDEV_GPIO_PRT4_BASE */
 331:Generated_Source\PSoC4/cyfitter_cfg.c **** 	CY_SET_REG32((void *)(CYDEV_GPIO_PRT4_BASE), 0x00000007u);
 338              		.loc 1 331 0
 339 013e 0722     		movs	r2, #7
 340 0140 184B     		ldr	r3, .L13+68
 341 0142 1A60     		str	r2, [r3]
 332:Generated_Source\PSoC4/cyfitter_cfg.c **** 	CY_SET_REG32((void *)(CYREG_GPIO_PRT4_PC2), 0x0000000Fu);
 342              		.loc 1 332 0
 343 0144 0832     		adds	r2, r2, #8
 344 0146 184B     		ldr	r3, .L13+72
ARM GAS  C:\Users\exp32\AppData\Local\Temp\cc5AfCEP.s 			page 13


 345 0148 1A60     		str	r2, [r3]
 333:Generated_Source\PSoC4/cyfitter_cfg.c **** 
 334:Generated_Source\PSoC4/cyfitter_cfg.c **** 	/* IOPINS0_6 Starting address: CYDEV_GPIO_PRT6_BASE */
 335:Generated_Source\PSoC4/cyfitter_cfg.c **** 	CY_SET_REG32((void *)(CYDEV_GPIO_PRT6_BASE), 0x00000006u);
 346              		.loc 1 335 0
 347 014a 0623     		movs	r3, #6
 348 014c 174A     		ldr	r2, .L13+76
 349 014e 1360     		str	r3, [r2]
 336:Generated_Source\PSoC4/cyfitter_cfg.c **** 	CY_SET_REG32((void *)(CYREG_GPIO_PRT6_PC2), 0x00000006u);
 350              		.loc 1 336 0
 351 0150 174A     		ldr	r2, .L13+80
 352 0152 1360     		str	r3, [r2]
 337:Generated_Source\PSoC4/cyfitter_cfg.c **** 
 338:Generated_Source\PSoC4/cyfitter_cfg.c **** 
 339:Generated_Source\PSoC4/cyfitter_cfg.c **** 	/* Setup clocks based on selections from Clock DWR */
 340:Generated_Source\PSoC4/cyfitter_cfg.c **** 	ClockSetup();
 353              		.loc 1 340 0
 354 0154 FFF754FF 		bl	ClockSetup
 355              	.LVL10:
 341:Generated_Source\PSoC4/cyfitter_cfg.c **** 
 342:Generated_Source\PSoC4/cyfitter_cfg.c **** 	/* Perform basic analog initialization to defaults */
 343:Generated_Source\PSoC4/cyfitter_cfg.c **** 	AnalogSetDefault();
 356              		.loc 1 343 0
 357 0158 FFF7FEFF 		bl	AnalogSetDefault
 358              	.LVL11:
 344:Generated_Source\PSoC4/cyfitter_cfg.c **** 
 345:Generated_Source\PSoC4/cyfitter_cfg.c **** }
 359              		.loc 1 345 0
 360              		@ sp needed
 361 015c 10BD     		pop	{r4, pc}
 362              	.L14:
 363 015e C046     		.align	2
 364              	.L13:
 365 0160 FF0F0800 		.word	528383
 366 0164 00010240 		.word	1073873152
 367 0168 00020240 		.word	1073873408
 368 016c 00030240 		.word	1073873664
 369 0170 00000440 		.word	1074003968
 370 0174 18000440 		.word	1074003992
 371 0178 00010440 		.word	1074004224
 372 017c 8E6D2000 		.word	2125198
 373 0180 08010440 		.word	1074004232
 374 0184 18010440 		.word	1074004248
 375 0188 00020440 		.word	1074004480
 376 018c 0010DB00 		.word	14356480
 377 0190 08020440 		.word	1074004488
 378 0194 18020440 		.word	1074004504
 379 0198 00030440 		.word	1074004736
 380 019c 08030440 		.word	1074004744
 381 01a0 18030440 		.word	1074004760
 382 01a4 00040440 		.word	1074004992
 383 01a8 18040440 		.word	1074005016
 384 01ac 00060440 		.word	1074005504
 385 01b0 18060440 		.word	1074005528
 386              		.cfi_endproc
 387              	.LFE7:
 388              		.size	cyfitter_cfg, .-cyfitter_cfg
ARM GAS  C:\Users\exp32\AppData\Local\Temp\cc5AfCEP.s 			page 14


 389              		.text
 390              	.Letext0:
 391              		.file 2 "Generated_Source\\PSoC4\\cytypes.h"
 392              		.file 3 "Generated_Source\\PSoC4\\CyLib.h"
 393              		.file 4 "Generated_Source\\PSoC4\\CyLFClk.h"
 394              		.section	.debug_info,"",%progbits
 395              	.Ldebug_info0:
 396 0000 C1010000 		.4byte	0x1c1
 397 0004 0400     		.2byte	0x4
 398 0006 00000000 		.4byte	.Ldebug_abbrev0
 399 000a 04       		.byte	0x4
 400 000b 01       		.uleb128 0x1
 401 000c 40010000 		.4byte	.LASF25
 402 0010 0C       		.byte	0xc
 403 0011 DE010000 		.4byte	.LASF26
 404 0015 0D020000 		.4byte	.LASF27
 405 0019 00000000 		.4byte	.Ldebug_ranges0+0
 406 001d 00000000 		.4byte	0
 407 0021 00000000 		.4byte	.Ldebug_line0
 408 0025 02       		.uleb128 0x2
 409 0026 04       		.byte	0x4
 410 0027 05       		.byte	0x5
 411 0028 696E7400 		.ascii	"int\000"
 412 002c 03       		.uleb128 0x3
 413 002d 04       		.byte	0x4
 414 002e 07       		.byte	0x7
 415 002f C4000000 		.4byte	.LASF0
 416 0033 03       		.uleb128 0x3
 417 0034 08       		.byte	0x8
 418 0035 05       		.byte	0x5
 419 0036 F1000000 		.4byte	.LASF1
 420 003a 03       		.uleb128 0x3
 421 003b 08       		.byte	0x8
 422 003c 04       		.byte	0x4
 423 003d 34010000 		.4byte	.LASF2
 424 0041 03       		.uleb128 0x3
 425 0042 01       		.byte	0x1
 426 0043 06       		.byte	0x6
 427 0044 D2010000 		.4byte	.LASF3
 428 0048 03       		.uleb128 0x3
 429 0049 01       		.byte	0x1
 430 004a 08       		.byte	0x8
 431 004b 61000000 		.4byte	.LASF4
 432 004f 03       		.uleb128 0x3
 433 0050 02       		.byte	0x2
 434 0051 05       		.byte	0x5
 435 0052 0C010000 		.4byte	.LASF5
 436 0056 03       		.uleb128 0x3
 437 0057 02       		.byte	0x2
 438 0058 07       		.byte	0x7
 439 0059 48000000 		.4byte	.LASF6
 440 005d 03       		.uleb128 0x3
 441 005e 04       		.byte	0x4
 442 005f 05       		.byte	0x5
 443 0060 2B010000 		.4byte	.LASF7
 444 0064 03       		.uleb128 0x3
 445 0065 04       		.byte	0x4
ARM GAS  C:\Users\exp32\AppData\Local\Temp\cc5AfCEP.s 			page 15


 446 0066 07       		.byte	0x7
 447 0067 6F000000 		.4byte	.LASF8
 448 006b 03       		.uleb128 0x3
 449 006c 08       		.byte	0x8
 450 006d 07       		.byte	0x7
 451 006e D1000000 		.4byte	.LASF9
 452 0072 03       		.uleb128 0x3
 453 0073 04       		.byte	0x4
 454 0074 07       		.byte	0x7
 455 0075 E8000000 		.4byte	.LASF10
 456 0079 03       		.uleb128 0x3
 457 007a 01       		.byte	0x1
 458 007b 08       		.byte	0x8
 459 007c FF000000 		.4byte	.LASF11
 460 0080 04       		.uleb128 0x4
 461 0081 81000000 		.4byte	.LASF12
 462 0085 02       		.byte	0x2
 463 0086 FB01     		.2byte	0x1fb
 464 0088 48000000 		.4byte	0x48
 465 008c 04       		.uleb128 0x4
 466 008d BD000000 		.4byte	.LASF13
 467 0091 02       		.byte	0x2
 468 0092 FD01     		.2byte	0x1fd
 469 0094 64000000 		.4byte	0x64
 470 0098 03       		.uleb128 0x3
 471 0099 04       		.byte	0x4
 472 009a 04       		.byte	0x4
 473 009b 5B000000 		.4byte	.LASF14
 474 009f 03       		.uleb128 0x3
 475 00a0 08       		.byte	0x8
 476 00a1 04       		.byte	0x4
 477 00a2 AA000000 		.4byte	.LASF15
 478 00a6 04       		.uleb128 0x4
 479 00a7 00000000 		.4byte	.LASF16
 480 00ab 02       		.byte	0x2
 481 00ac A702     		.2byte	0x2a7
 482 00ae B2000000 		.4byte	0xb2
 483 00b2 05       		.uleb128 0x5
 484 00b3 8C000000 		.4byte	0x8c
 485 00b7 06       		.uleb128 0x6
 486 00b8 3D000000 		.4byte	.LASF17
 487 00bc 01       		.byte	0x1
 488 00bd AA       		.byte	0xaa
 489 00be 00000000 		.4byte	.LFB4
 490 00c2 E4000000 		.4byte	.LFE4-.LFB4
 491 00c6 01       		.uleb128 0x1
 492 00c7 9C       		.byte	0x9c
 493 00c8 15010000 		.4byte	0x115
 494 00cc 07       		.uleb128 0x7
 495 00cd 0E000000 		.4byte	.LVL0
 496 00d1 98010000 		.4byte	0x198
 497 00d5 DF000000 		.4byte	0xdf
 498 00d9 08       		.uleb128 0x8
 499 00da 01       		.uleb128 0x1
 500 00db 50       		.byte	0x50
 501 00dc 01       		.uleb128 0x1
 502 00dd 48       		.byte	0x48
ARM GAS  C:\Users\exp32\AppData\Local\Temp\cc5AfCEP.s 			page 16


 503 00de 00       		.byte	0
 504 00df 07       		.uleb128 0x7
 505 00e0 76000000 		.4byte	.LVL1
 506 00e4 A3010000 		.4byte	0x1a3
 507 00e8 F2000000 		.4byte	0xf2
 508 00ec 08       		.uleb128 0x8
 509 00ed 01       		.uleb128 0x1
 510 00ee 50       		.byte	0x50
 511 00ef 01       		.uleb128 0x1
 512 00f0 3D       		.byte	0x3d
 513 00f1 00       		.byte	0
 514 00f2 07       		.uleb128 0x7
 515 00f3 7C000000 		.4byte	.LVL2
 516 00f7 AE010000 		.4byte	0x1ae
 517 00fb 05010000 		.4byte	0x105
 518 00ff 08       		.uleb128 0x8
 519 0100 01       		.uleb128 0x1
 520 0101 50       		.byte	0x50
 521 0102 01       		.uleb128 0x1
 522 0103 3D       		.byte	0x3d
 523 0104 00       		.byte	0
 524 0105 09       		.uleb128 0x9
 525 0106 88000000 		.4byte	.LVL3
 526 010a B9010000 		.4byte	0x1b9
 527 010e 08       		.uleb128 0x8
 528 010f 01       		.uleb128 0x1
 529 0110 50       		.byte	0x50
 530 0111 01       		.uleb128 0x1
 531 0112 30       		.byte	0x30
 532 0113 00       		.byte	0
 533 0114 00       		.byte	0
 534 0115 0A       		.uleb128 0xa
 535 0116 94000000 		.4byte	.LASF19
 536 011a 01       		.byte	0x1
 537 011b 0701     		.2byte	0x107
 538 011d 00000000 		.4byte	.LFB6
 539 0121 20000000 		.4byte	.LFE6-.LFB6
 540 0125 01       		.uleb128 0x1
 541 0126 9C       		.byte	0x9c
 542 0127 4A010000 		.4byte	0x14a
 543 012b 0B       		.uleb128 0xb
 544 012c 04010000 		.4byte	.LASF28
 545 0130 01       		.byte	0x1
 546 0131 0701     		.2byte	0x107
 547 0133 80000000 		.4byte	0x80
 548 0137 01       		.uleb128 0x1
 549 0138 50       		.byte	0x50
 550 0139 0C       		.uleb128 0xc
 551 013a 04020000 		.4byte	.LASF29
 552 013e 01       		.byte	0x1
 553 013f 0901     		.2byte	0x109
 554 0141 8C000000 		.4byte	0x8c
 555 0145 00000000 		.4byte	.LLST0
 556 0149 00       		.byte	0
 557 014a 06       		.uleb128 0x6
 558 014b 06000000 		.4byte	.LASF18
 559 014f 01       		.byte	0x1
ARM GAS  C:\Users\exp32\AppData\Local\Temp\cc5AfCEP.s 			page 17


 560 0150 EC       		.byte	0xec
 561 0151 00000000 		.4byte	.LFB5
 562 0155 40000000 		.4byte	.LFE5-.LFB5
 563 0159 01       		.uleb128 0x1
 564 015a 9C       		.byte	0x9c
 565 015b 6F010000 		.4byte	0x16f
 566 015f 09       		.uleb128 0x9
 567 0160 28000000 		.4byte	.LVL9
 568 0164 15010000 		.4byte	0x115
 569 0168 08       		.uleb128 0x8
 570 0169 01       		.uleb128 0x1
 571 016a 50       		.byte	0x50
 572 016b 01       		.uleb128 0x1
 573 016c 31       		.byte	0x31
 574 016d 00       		.byte	0
 575 016e 00       		.byte	0
 576 016f 0A       		.uleb128 0xa
 577 0170 87000000 		.4byte	.LASF20
 578 0174 01       		.byte	0x1
 579 0175 2901     		.2byte	0x129
 580 0177 E4000000 		.4byte	.LFB7
 581 017b D0000000 		.4byte	.LFE7-.LFB7
 582 017f 01       		.uleb128 0x1
 583 0180 9C       		.byte	0x9c
 584 0181 98010000 		.4byte	0x198
 585 0185 0D       		.uleb128 0xd
 586 0186 58010000 		.4byte	.LVL10
 587 018a B7000000 		.4byte	0xb7
 588 018e 0D       		.uleb128 0xd
 589 018f 5C010000 		.4byte	.LVL11
 590 0193 4A010000 		.4byte	0x14a
 591 0197 00       		.byte	0
 592 0198 0E       		.uleb128 0xe
 593 0199 16010000 		.4byte	.LASF21
 594 019d 16010000 		.4byte	.LASF21
 595 01a1 03       		.byte	0x3
 596 01a2 6C       		.byte	0x6c
 597 01a3 0E       		.uleb128 0xe
 598 01a4 2E000000 		.4byte	.LASF22
 599 01a8 2E000000 		.4byte	.LASF22
 600 01ac 03       		.byte	0x3
 601 01ad D0       		.byte	0xd0
 602 01ae 0E       		.uleb128 0xe
 603 01af B1000000 		.4byte	.LASF23
 604 01b3 B1000000 		.4byte	.LASF23
 605 01b7 03       		.byte	0x3
 606 01b8 D6       		.byte	0xd6
 607 01b9 0E       		.uleb128 0xe
 608 01ba 17000000 		.4byte	.LASF24
 609 01be 17000000 		.4byte	.LASF24
 610 01c2 04       		.byte	0x4
 611 01c3 9F       		.byte	0x9f
 612 01c4 00       		.byte	0
 613              		.section	.debug_abbrev,"",%progbits
 614              	.Ldebug_abbrev0:
 615 0000 01       		.uleb128 0x1
 616 0001 11       		.uleb128 0x11
ARM GAS  C:\Users\exp32\AppData\Local\Temp\cc5AfCEP.s 			page 18


 617 0002 01       		.byte	0x1
 618 0003 25       		.uleb128 0x25
 619 0004 0E       		.uleb128 0xe
 620 0005 13       		.uleb128 0x13
 621 0006 0B       		.uleb128 0xb
 622 0007 03       		.uleb128 0x3
 623 0008 0E       		.uleb128 0xe
 624 0009 1B       		.uleb128 0x1b
 625 000a 0E       		.uleb128 0xe
 626 000b 55       		.uleb128 0x55
 627 000c 17       		.uleb128 0x17
 628 000d 11       		.uleb128 0x11
 629 000e 01       		.uleb128 0x1
 630 000f 10       		.uleb128 0x10
 631 0010 17       		.uleb128 0x17
 632 0011 00       		.byte	0
 633 0012 00       		.byte	0
 634 0013 02       		.uleb128 0x2
 635 0014 24       		.uleb128 0x24
 636 0015 00       		.byte	0
 637 0016 0B       		.uleb128 0xb
 638 0017 0B       		.uleb128 0xb
 639 0018 3E       		.uleb128 0x3e
 640 0019 0B       		.uleb128 0xb
 641 001a 03       		.uleb128 0x3
 642 001b 08       		.uleb128 0x8
 643 001c 00       		.byte	0
 644 001d 00       		.byte	0
 645 001e 03       		.uleb128 0x3
 646 001f 24       		.uleb128 0x24
 647 0020 00       		.byte	0
 648 0021 0B       		.uleb128 0xb
 649 0022 0B       		.uleb128 0xb
 650 0023 3E       		.uleb128 0x3e
 651 0024 0B       		.uleb128 0xb
 652 0025 03       		.uleb128 0x3
 653 0026 0E       		.uleb128 0xe
 654 0027 00       		.byte	0
 655 0028 00       		.byte	0
 656 0029 04       		.uleb128 0x4
 657 002a 16       		.uleb128 0x16
 658 002b 00       		.byte	0
 659 002c 03       		.uleb128 0x3
 660 002d 0E       		.uleb128 0xe
 661 002e 3A       		.uleb128 0x3a
 662 002f 0B       		.uleb128 0xb
 663 0030 3B       		.uleb128 0x3b
 664 0031 05       		.uleb128 0x5
 665 0032 49       		.uleb128 0x49
 666 0033 13       		.uleb128 0x13
 667 0034 00       		.byte	0
 668 0035 00       		.byte	0
 669 0036 05       		.uleb128 0x5
 670 0037 35       		.uleb128 0x35
 671 0038 00       		.byte	0
 672 0039 49       		.uleb128 0x49
 673 003a 13       		.uleb128 0x13
ARM GAS  C:\Users\exp32\AppData\Local\Temp\cc5AfCEP.s 			page 19


 674 003b 00       		.byte	0
 675 003c 00       		.byte	0
 676 003d 06       		.uleb128 0x6
 677 003e 2E       		.uleb128 0x2e
 678 003f 01       		.byte	0x1
 679 0040 03       		.uleb128 0x3
 680 0041 0E       		.uleb128 0xe
 681 0042 3A       		.uleb128 0x3a
 682 0043 0B       		.uleb128 0xb
 683 0044 3B       		.uleb128 0x3b
 684 0045 0B       		.uleb128 0xb
 685 0046 27       		.uleb128 0x27
 686 0047 19       		.uleb128 0x19
 687 0048 11       		.uleb128 0x11
 688 0049 01       		.uleb128 0x1
 689 004a 12       		.uleb128 0x12
 690 004b 06       		.uleb128 0x6
 691 004c 40       		.uleb128 0x40
 692 004d 18       		.uleb128 0x18
 693 004e 9742     		.uleb128 0x2117
 694 0050 19       		.uleb128 0x19
 695 0051 01       		.uleb128 0x1
 696 0052 13       		.uleb128 0x13
 697 0053 00       		.byte	0
 698 0054 00       		.byte	0
 699 0055 07       		.uleb128 0x7
 700 0056 898201   		.uleb128 0x4109
 701 0059 01       		.byte	0x1
 702 005a 11       		.uleb128 0x11
 703 005b 01       		.uleb128 0x1
 704 005c 31       		.uleb128 0x31
 705 005d 13       		.uleb128 0x13
 706 005e 01       		.uleb128 0x1
 707 005f 13       		.uleb128 0x13
 708 0060 00       		.byte	0
 709 0061 00       		.byte	0
 710 0062 08       		.uleb128 0x8
 711 0063 8A8201   		.uleb128 0x410a
 712 0066 00       		.byte	0
 713 0067 02       		.uleb128 0x2
 714 0068 18       		.uleb128 0x18
 715 0069 9142     		.uleb128 0x2111
 716 006b 18       		.uleb128 0x18
 717 006c 00       		.byte	0
 718 006d 00       		.byte	0
 719 006e 09       		.uleb128 0x9
 720 006f 898201   		.uleb128 0x4109
 721 0072 01       		.byte	0x1
 722 0073 11       		.uleb128 0x11
 723 0074 01       		.uleb128 0x1
 724 0075 31       		.uleb128 0x31
 725 0076 13       		.uleb128 0x13
 726 0077 00       		.byte	0
 727 0078 00       		.byte	0
 728 0079 0A       		.uleb128 0xa
 729 007a 2E       		.uleb128 0x2e
 730 007b 01       		.byte	0x1
ARM GAS  C:\Users\exp32\AppData\Local\Temp\cc5AfCEP.s 			page 20


 731 007c 3F       		.uleb128 0x3f
 732 007d 19       		.uleb128 0x19
 733 007e 03       		.uleb128 0x3
 734 007f 0E       		.uleb128 0xe
 735 0080 3A       		.uleb128 0x3a
 736 0081 0B       		.uleb128 0xb
 737 0082 3B       		.uleb128 0x3b
 738 0083 05       		.uleb128 0x5
 739 0084 27       		.uleb128 0x27
 740 0085 19       		.uleb128 0x19
 741 0086 11       		.uleb128 0x11
 742 0087 01       		.uleb128 0x1
 743 0088 12       		.uleb128 0x12
 744 0089 06       		.uleb128 0x6
 745 008a 40       		.uleb128 0x40
 746 008b 18       		.uleb128 0x18
 747 008c 9742     		.uleb128 0x2117
 748 008e 19       		.uleb128 0x19
 749 008f 01       		.uleb128 0x1
 750 0090 13       		.uleb128 0x13
 751 0091 00       		.byte	0
 752 0092 00       		.byte	0
 753 0093 0B       		.uleb128 0xb
 754 0094 05       		.uleb128 0x5
 755 0095 00       		.byte	0
 756 0096 03       		.uleb128 0x3
 757 0097 0E       		.uleb128 0xe
 758 0098 3A       		.uleb128 0x3a
 759 0099 0B       		.uleb128 0xb
 760 009a 3B       		.uleb128 0x3b
 761 009b 05       		.uleb128 0x5
 762 009c 49       		.uleb128 0x49
 763 009d 13       		.uleb128 0x13
 764 009e 02       		.uleb128 0x2
 765 009f 18       		.uleb128 0x18
 766 00a0 00       		.byte	0
 767 00a1 00       		.byte	0
 768 00a2 0C       		.uleb128 0xc
 769 00a3 34       		.uleb128 0x34
 770 00a4 00       		.byte	0
 771 00a5 03       		.uleb128 0x3
 772 00a6 0E       		.uleb128 0xe
 773 00a7 3A       		.uleb128 0x3a
 774 00a8 0B       		.uleb128 0xb
 775 00a9 3B       		.uleb128 0x3b
 776 00aa 05       		.uleb128 0x5
 777 00ab 49       		.uleb128 0x49
 778 00ac 13       		.uleb128 0x13
 779 00ad 02       		.uleb128 0x2
 780 00ae 17       		.uleb128 0x17
 781 00af 00       		.byte	0
 782 00b0 00       		.byte	0
 783 00b1 0D       		.uleb128 0xd
 784 00b2 898201   		.uleb128 0x4109
 785 00b5 00       		.byte	0
 786 00b6 11       		.uleb128 0x11
 787 00b7 01       		.uleb128 0x1
ARM GAS  C:\Users\exp32\AppData\Local\Temp\cc5AfCEP.s 			page 21


 788 00b8 31       		.uleb128 0x31
 789 00b9 13       		.uleb128 0x13
 790 00ba 00       		.byte	0
 791 00bb 00       		.byte	0
 792 00bc 0E       		.uleb128 0xe
 793 00bd 2E       		.uleb128 0x2e
 794 00be 00       		.byte	0
 795 00bf 3F       		.uleb128 0x3f
 796 00c0 19       		.uleb128 0x19
 797 00c1 3C       		.uleb128 0x3c
 798 00c2 19       		.uleb128 0x19
 799 00c3 6E       		.uleb128 0x6e
 800 00c4 0E       		.uleb128 0xe
 801 00c5 03       		.uleb128 0x3
 802 00c6 0E       		.uleb128 0xe
 803 00c7 3A       		.uleb128 0x3a
 804 00c8 0B       		.uleb128 0xb
 805 00c9 3B       		.uleb128 0x3b
 806 00ca 0B       		.uleb128 0xb
 807 00cb 00       		.byte	0
 808 00cc 00       		.byte	0
 809 00cd 00       		.byte	0
 810              		.section	.debug_loc,"",%progbits
 811              	.Ldebug_loc0:
 812              	.LLST0:
 813 0000 04000000 		.4byte	.LVL5
 814 0004 12000000 		.4byte	.LVL7
 815 0008 0100     		.2byte	0x1
 816 000a 53       		.byte	0x53
 817 000b 14000000 		.4byte	.LVL8
 818 000f 20000000 		.4byte	.LFE6
 819 0013 0100     		.2byte	0x1
 820 0015 53       		.byte	0x53
 821 0016 00000000 		.4byte	0
 822 001a 00000000 		.4byte	0
 823              		.section	.debug_aranges,"",%progbits
 824 0000 34000000 		.4byte	0x34
 825 0004 0200     		.2byte	0x2
 826 0006 00000000 		.4byte	.Ldebug_info0
 827 000a 04       		.byte	0x4
 828 000b 00       		.byte	0
 829 000c 0000     		.2byte	0
 830 000e 0000     		.2byte	0
 831 0010 00000000 		.4byte	.LFB4
 832 0014 E4000000 		.4byte	.LFE4-.LFB4
 833 0018 00000000 		.4byte	.LFB6
 834 001c 20000000 		.4byte	.LFE6-.LFB6
 835 0020 00000000 		.4byte	.LFB5
 836 0024 40000000 		.4byte	.LFE5-.LFB5
 837 0028 E4000000 		.4byte	.LFB7
 838 002c D0000000 		.4byte	.LFE7-.LFB7
 839 0030 00000000 		.4byte	0
 840 0034 00000000 		.4byte	0
 841              		.section	.debug_ranges,"",%progbits
 842              	.Ldebug_ranges0:
 843 0000 00000000 		.4byte	.LFB4
 844 0004 E4000000 		.4byte	.LFE4
ARM GAS  C:\Users\exp32\AppData\Local\Temp\cc5AfCEP.s 			page 22


 845 0008 00000000 		.4byte	.LFB6
 846 000c 20000000 		.4byte	.LFE6
 847 0010 00000000 		.4byte	.LFB5
 848 0014 40000000 		.4byte	.LFE5
 849 0018 E4000000 		.4byte	.LFB7
 850 001c B4010000 		.4byte	.LFE7
 851 0020 00000000 		.4byte	0
 852 0024 00000000 		.4byte	0
 853              		.section	.debug_line,"",%progbits
 854              	.Ldebug_line0:
 855 0000 D8000000 		.section	.debug_str,"MS",%progbits,1
 855      02006100 
 855      00000201 
 855      FB0E0D00 
 855      01010101 
 856              	.LASF16:
 857 0000 72656733 		.ascii	"reg32\000"
 857      3200
 858              	.LASF18:
 859 0006 416E616C 		.ascii	"AnalogSetDefault\000"
 859      6F675365 
 859      74446566 
 859      61756C74 
 859      00
 860              	.LASF24:
 861 0017 43795379 		.ascii	"CySysClkSetTimerSource\000"
 861      73436C6B 
 861      53657454 
 861      696D6572 
 861      536F7572 
 862              	.LASF22:
 863 002e 4379496E 		.ascii	"CyIntSetVector\000"
 863      74536574 
 863      56656374 
 863      6F7200
 864              	.LASF17:
 865 003d 436C6F63 		.ascii	"ClockSetup\000"
 865      6B536574 
 865      757000
 866              	.LASF6:
 867 0048 73686F72 		.ascii	"short unsigned int\000"
 867      7420756E 
 867      7369676E 
 867      65642069 
 867      6E7400
 868              	.LASF14:
 869 005b 666C6F61 		.ascii	"float\000"
 869      7400
 870              	.LASF4:
 871 0061 756E7369 		.ascii	"unsigned char\000"
 871      676E6564 
 871      20636861 
 871      7200
 872              	.LASF8:
 873 006f 6C6F6E67 		.ascii	"long unsigned int\000"
 873      20756E73 
 873      69676E65 
ARM GAS  C:\Users\exp32\AppData\Local\Temp\cc5AfCEP.s 			page 23


 873      6420696E 
 873      7400
 874              	.LASF12:
 875 0081 75696E74 		.ascii	"uint8\000"
 875      3800
 876              	.LASF20:
 877 0087 63796669 		.ascii	"cyfitter_cfg\000"
 877      74746572 
 877      5F636667 
 877      00
 878              	.LASF19:
 879 0094 53657441 		.ascii	"SetAnalogRoutingPumps\000"
 879      6E616C6F 
 879      67526F75 
 879      74696E67 
 879      50756D70 
 880              	.LASF15:
 881 00aa 646F7562 		.ascii	"double\000"
 881      6C6500
 882              	.LASF23:
 883 00b1 4379496E 		.ascii	"CyIntEnable\000"
 883      74456E61 
 883      626C6500 
 884              	.LASF13:
 885 00bd 75696E74 		.ascii	"uint32\000"
 885      333200
 886              	.LASF0:
 887 00c4 756E7369 		.ascii	"unsigned int\000"
 887      676E6564 
 887      20696E74 
 887      00
 888              	.LASF9:
 889 00d1 6C6F6E67 		.ascii	"long long unsigned int\000"
 889      206C6F6E 
 889      6720756E 
 889      7369676E 
 889      65642069 
 890              	.LASF10:
 891 00e8 73697A65 		.ascii	"sizetype\000"
 891      74797065 
 891      00
 892              	.LASF1:
 893 00f1 6C6F6E67 		.ascii	"long long int\000"
 893      206C6F6E 
 893      6720696E 
 893      7400
 894              	.LASF11:
 895 00ff 63686172 		.ascii	"char\000"
 895      00
 896              	.LASF28:
 897 0104 656E6162 		.ascii	"enabled\000"
 897      6C656400 
 898              	.LASF5:
 899 010c 73686F72 		.ascii	"short int\000"
 899      7420696E 
 899      7400
 900              	.LASF21:
ARM GAS  C:\Users\exp32\AppData\Local\Temp\cc5AfCEP.s 			page 24


 901 0116 43795379 		.ascii	"CySysClkWriteImoFreq\000"
 901      73436C6B 
 901      57726974 
 901      65496D6F 
 901      46726571 
 902              	.LASF7:
 903 012b 6C6F6E67 		.ascii	"long int\000"
 903      20696E74 
 903      00
 904              	.LASF2:
 905 0134 6C6F6E67 		.ascii	"long double\000"
 905      20646F75 
 905      626C6500 
 906              	.LASF25:
 907 0140 474E5520 		.ascii	"GNU C11 5.4.1 20160609 (release) [ARM/embedded-5-br"
 907      43313120 
 907      352E342E 
 907      31203230 
 907      31363036 
 908 0173 616E6368 		.ascii	"anch revision 237715] -mcpu=cortex-m0plus -mthumb -"
 908      20726576 
 908      6973696F 
 908      6E203233 
 908      37373135 
 909 01a6 67202D4F 		.ascii	"g -Og -ffunction-sections -ffat-lto-objects\000"
 909      67202D66 
 909      66756E63 
 909      74696F6E 
 909      2D736563 
 910              	.LASF3:
 911 01d2 7369676E 		.ascii	"signed char\000"
 911      65642063 
 911      68617200 
 912              	.LASF26:
 913 01de 47656E65 		.ascii	"Generated_Source\\PSoC4\\cyfitter_cfg.c\000"
 913      72617465 
 913      645F536F 
 913      75726365 
 913      5C50536F 
 914              	.LASF29:
 915 0204 72656756 		.ascii	"regValue\000"
 915      616C7565 
 915      00
 916              	.LASF27:
 917 020d 433A5C55 		.ascii	"C:\\Users\\exp32\\Documents\\PSoC Creator\\Workspac"
 917      73657273 
 917      5C657870 
 917      33325C44 
 917      6F63756D 
 918 023b 6530315C 		.ascii	"e01\\CY8C4146AZI-S455_64KB_L.cydsn\000"
 918      43593843 
 918      34313436 
 918      415A492D 
 918      53343535 
 919              		.ident	"GCC: (GNU Tools for ARM Embedded Processors) 5.4.1 20160609 (release) [ARM/embedded-5-bran
