ARM GAS  C:\Users\exp32\AppData\Local\Temp\ccHbpQAe.s 			page 1


   1              		.syntax unified
   2              		.cpu cortex-m0plus
   3              		.fpu softvfp
   4              		.eabi_attribute 20, 1
   5              		.eabi_attribute 21, 1
   6              		.eabi_attribute 23, 3
   7              		.eabi_attribute 24, 1
   8              		.eabi_attribute 25, 1
   9              		.eabi_attribute 26, 1
  10              		.eabi_attribute 30, 1
  11              		.eabi_attribute 34, 0
  12              		.eabi_attribute 18, 4
  13              		.thumb
  14              		.syntax unified
  15              		.file	"cyfitter_cfg.c"
  16              		.text
  17              	.Ltext0:
  18              		.cfi_sections	.debug_frame
  19              		.section	.psocinit,"ax",%progbits
  20              		.align	2
  21              		.code	16
  22              		.thumb_func
  23              		.type	ClockSetup, %function
  24              	ClockSetup:
  25              	.LFB4:
  26              		.file 1 "Generated_Source\\PSoC4\\cyfitter_cfg.c"
   1:Generated_Source\PSoC4/cyfitter_cfg.c **** 
   2:Generated_Source\PSoC4/cyfitter_cfg.c **** /*******************************************************************************
   3:Generated_Source\PSoC4/cyfitter_cfg.c **** * File Name: cyfitter_cfg.c
   4:Generated_Source\PSoC4/cyfitter_cfg.c **** * 
   5:Generated_Source\PSoC4/cyfitter_cfg.c **** * PSoC Creator  4.4
   6:Generated_Source\PSoC4/cyfitter_cfg.c **** *
   7:Generated_Source\PSoC4/cyfitter_cfg.c **** * Description:
   8:Generated_Source\PSoC4/cyfitter_cfg.c **** * This file contains device initialization code.
   9:Generated_Source\PSoC4/cyfitter_cfg.c **** * Except for the user defined sections in CyClockStartupError(), this file should not be modified.
  10:Generated_Source\PSoC4/cyfitter_cfg.c **** * This file is automatically generated by PSoC Creator.
  11:Generated_Source\PSoC4/cyfitter_cfg.c **** *
  12:Generated_Source\PSoC4/cyfitter_cfg.c **** ********************************************************************************
  13:Generated_Source\PSoC4/cyfitter_cfg.c **** * Copyright (c) 2007-2020 Cypress Semiconductor.  All rights reserved.
  14:Generated_Source\PSoC4/cyfitter_cfg.c **** * You may use this file only in accordance with the license, terms, conditions, 
  15:Generated_Source\PSoC4/cyfitter_cfg.c **** * disclaimers, and limitations in the end user license agreement accompanying 
  16:Generated_Source\PSoC4/cyfitter_cfg.c **** * the software package with which this file was provided.
  17:Generated_Source\PSoC4/cyfitter_cfg.c **** ********************************************************************************/
  18:Generated_Source\PSoC4/cyfitter_cfg.c **** 
  19:Generated_Source\PSoC4/cyfitter_cfg.c **** #include <string.h>
  20:Generated_Source\PSoC4/cyfitter_cfg.c **** #include "cytypes.h"
  21:Generated_Source\PSoC4/cyfitter_cfg.c **** #include "cydevice_trm.h"
  22:Generated_Source\PSoC4/cyfitter_cfg.c **** #include "cyfitter.h"
  23:Generated_Source\PSoC4/cyfitter_cfg.c **** #include "CyLib.h"
  24:Generated_Source\PSoC4/cyfitter_cfg.c **** #include "CyLFClk.h"
  25:Generated_Source\PSoC4/cyfitter_cfg.c **** #include "cyfitter_cfg.h"
  26:Generated_Source\PSoC4/cyfitter_cfg.c **** #include "cyapicallbacks.h"
  27:Generated_Source\PSoC4/cyfitter_cfg.c **** 
  28:Generated_Source\PSoC4/cyfitter_cfg.c **** 
  29:Generated_Source\PSoC4/cyfitter_cfg.c **** #if defined(__GNUC__) || defined(__ARMCC_VERSION)
  30:Generated_Source\PSoC4/cyfitter_cfg.c ****     #define CYPACKED 
  31:Generated_Source\PSoC4/cyfitter_cfg.c ****     #define CYPACKED_ATTR __attribute__ ((packed))
ARM GAS  C:\Users\exp32\AppData\Local\Temp\ccHbpQAe.s 			page 2


  32:Generated_Source\PSoC4/cyfitter_cfg.c ****     #define CYALIGNED __attribute__ ((aligned))
  33:Generated_Source\PSoC4/cyfitter_cfg.c ****     #define CY_CFG_UNUSED __attribute__ ((unused))
  34:Generated_Source\PSoC4/cyfitter_cfg.c ****     #ifndef CY_CFG_SECTION
  35:Generated_Source\PSoC4/cyfitter_cfg.c ****         #define CY_CFG_SECTION __attribute__ ((section(".psocinit")))
  36:Generated_Source\PSoC4/cyfitter_cfg.c ****     #endif
  37:Generated_Source\PSoC4/cyfitter_cfg.c ****     
  38:Generated_Source\PSoC4/cyfitter_cfg.c ****     #if defined(__ARMCC_VERSION)
  39:Generated_Source\PSoC4/cyfitter_cfg.c ****         #define CY_CFG_MEMORY_BARRIER() __memory_changed()
  40:Generated_Source\PSoC4/cyfitter_cfg.c ****     #else
  41:Generated_Source\PSoC4/cyfitter_cfg.c ****         #define CY_CFG_MEMORY_BARRIER() __sync_synchronize()
  42:Generated_Source\PSoC4/cyfitter_cfg.c ****     #endif
  43:Generated_Source\PSoC4/cyfitter_cfg.c ****     
  44:Generated_Source\PSoC4/cyfitter_cfg.c **** #elif defined(__ICCARM__)
  45:Generated_Source\PSoC4/cyfitter_cfg.c ****     #include <intrinsics.h>
  46:Generated_Source\PSoC4/cyfitter_cfg.c **** 
  47:Generated_Source\PSoC4/cyfitter_cfg.c ****     #define CYPACKED __packed
  48:Generated_Source\PSoC4/cyfitter_cfg.c ****     #define CYPACKED_ATTR 
  49:Generated_Source\PSoC4/cyfitter_cfg.c ****     #define CYALIGNED _Pragma("data_alignment=4")
  50:Generated_Source\PSoC4/cyfitter_cfg.c ****     #define CY_CFG_UNUSED _Pragma("diag_suppress=Pe177")
  51:Generated_Source\PSoC4/cyfitter_cfg.c ****     #define CY_CFG_SECTION _Pragma("location=\".psocinit\"")
  52:Generated_Source\PSoC4/cyfitter_cfg.c ****     
  53:Generated_Source\PSoC4/cyfitter_cfg.c ****     #define CY_CFG_MEMORY_BARRIER() __DMB()
  54:Generated_Source\PSoC4/cyfitter_cfg.c ****     
  55:Generated_Source\PSoC4/cyfitter_cfg.c **** #else
  56:Generated_Source\PSoC4/cyfitter_cfg.c ****     #error Unsupported toolchain
  57:Generated_Source\PSoC4/cyfitter_cfg.c **** #endif
  58:Generated_Source\PSoC4/cyfitter_cfg.c **** 
  59:Generated_Source\PSoC4/cyfitter_cfg.c **** #ifndef CYCODE
  60:Generated_Source\PSoC4/cyfitter_cfg.c ****     #define CYCODE
  61:Generated_Source\PSoC4/cyfitter_cfg.c **** #endif
  62:Generated_Source\PSoC4/cyfitter_cfg.c **** #ifndef CYDATA
  63:Generated_Source\PSoC4/cyfitter_cfg.c ****     #define CYDATA
  64:Generated_Source\PSoC4/cyfitter_cfg.c **** #endif
  65:Generated_Source\PSoC4/cyfitter_cfg.c **** #ifndef CYFAR
  66:Generated_Source\PSoC4/cyfitter_cfg.c ****     #define CYFAR
  67:Generated_Source\PSoC4/cyfitter_cfg.c **** #endif
  68:Generated_Source\PSoC4/cyfitter_cfg.c **** #ifndef CYXDATA
  69:Generated_Source\PSoC4/cyfitter_cfg.c ****     #define CYXDATA
  70:Generated_Source\PSoC4/cyfitter_cfg.c **** #endif
  71:Generated_Source\PSoC4/cyfitter_cfg.c **** 
  72:Generated_Source\PSoC4/cyfitter_cfg.c **** 
  73:Generated_Source\PSoC4/cyfitter_cfg.c **** CY_CFG_UNUSED
  74:Generated_Source\PSoC4/cyfitter_cfg.c **** static void CYMEMZERO(void *s, size_t n);
  75:Generated_Source\PSoC4/cyfitter_cfg.c **** CY_CFG_UNUSED
  76:Generated_Source\PSoC4/cyfitter_cfg.c **** static void CYMEMZERO(void *s, size_t n)
  77:Generated_Source\PSoC4/cyfitter_cfg.c **** {
  78:Generated_Source\PSoC4/cyfitter_cfg.c **** 	(void)memset(s, 0, n);
  79:Generated_Source\PSoC4/cyfitter_cfg.c **** }
  80:Generated_Source\PSoC4/cyfitter_cfg.c **** CY_CFG_UNUSED
  81:Generated_Source\PSoC4/cyfitter_cfg.c **** static void CYCONFIGCPY(void *dest, const void *src, size_t n);
  82:Generated_Source\PSoC4/cyfitter_cfg.c **** CY_CFG_UNUSED
  83:Generated_Source\PSoC4/cyfitter_cfg.c **** static void CYCONFIGCPY(void *dest, const void *src, size_t n)
  84:Generated_Source\PSoC4/cyfitter_cfg.c **** {
  85:Generated_Source\PSoC4/cyfitter_cfg.c **** 	(void)memcpy(dest, src, n);
  86:Generated_Source\PSoC4/cyfitter_cfg.c **** }
  87:Generated_Source\PSoC4/cyfitter_cfg.c **** CY_CFG_UNUSED
  88:Generated_Source\PSoC4/cyfitter_cfg.c **** static void CYCONFIGCPYCODE(void *dest, const void *src, size_t n);
ARM GAS  C:\Users\exp32\AppData\Local\Temp\ccHbpQAe.s 			page 3


  89:Generated_Source\PSoC4/cyfitter_cfg.c **** CY_CFG_UNUSED
  90:Generated_Source\PSoC4/cyfitter_cfg.c **** static void CYCONFIGCPYCODE(void *dest, const void *src, size_t n)
  91:Generated_Source\PSoC4/cyfitter_cfg.c **** {
  92:Generated_Source\PSoC4/cyfitter_cfg.c **** 	(void)memcpy(dest, src, n);
  93:Generated_Source\PSoC4/cyfitter_cfg.c **** }
  94:Generated_Source\PSoC4/cyfitter_cfg.c **** 
  95:Generated_Source\PSoC4/cyfitter_cfg.c **** 
  96:Generated_Source\PSoC4/cyfitter_cfg.c **** 
  97:Generated_Source\PSoC4/cyfitter_cfg.c **** 
  98:Generated_Source\PSoC4/cyfitter_cfg.c **** /* Clock startup error codes                                                   */
  99:Generated_Source\PSoC4/cyfitter_cfg.c **** #define CYCLOCKSTART_NO_ERROR    0u
 100:Generated_Source\PSoC4/cyfitter_cfg.c **** #define CYCLOCKSTART_XTAL_ERROR  1u
 101:Generated_Source\PSoC4/cyfitter_cfg.c **** #define CYCLOCKSTART_32KHZ_ERROR 2u
 102:Generated_Source\PSoC4/cyfitter_cfg.c **** #define CYCLOCKSTART_PLL_ERROR   3u
 103:Generated_Source\PSoC4/cyfitter_cfg.c **** #define CYCLOCKSTART_FLL_ERROR   4u
 104:Generated_Source\PSoC4/cyfitter_cfg.c **** #define CYCLOCKSTART_WCO_ERROR   5u
 105:Generated_Source\PSoC4/cyfitter_cfg.c **** 
 106:Generated_Source\PSoC4/cyfitter_cfg.c **** 
 107:Generated_Source\PSoC4/cyfitter_cfg.c **** #ifdef CY_NEED_CYCLOCKSTARTUPERROR
 108:Generated_Source\PSoC4/cyfitter_cfg.c **** /*******************************************************************************
 109:Generated_Source\PSoC4/cyfitter_cfg.c **** * Function Name: CyClockStartupError
 110:Generated_Source\PSoC4/cyfitter_cfg.c **** ********************************************************************************
 111:Generated_Source\PSoC4/cyfitter_cfg.c **** * Summary:
 112:Generated_Source\PSoC4/cyfitter_cfg.c **** *  If an error is encountered during clock configuration (crystal startup error,
 113:Generated_Source\PSoC4/cyfitter_cfg.c **** *  PLL lock error, etc.), the system will end up here.  Unless reimplemented by
 114:Generated_Source\PSoC4/cyfitter_cfg.c **** *  the customer, this function will stop in an infinite loop.
 115:Generated_Source\PSoC4/cyfitter_cfg.c **** *
 116:Generated_Source\PSoC4/cyfitter_cfg.c **** * Parameters:
 117:Generated_Source\PSoC4/cyfitter_cfg.c **** *   void
 118:Generated_Source\PSoC4/cyfitter_cfg.c **** *
 119:Generated_Source\PSoC4/cyfitter_cfg.c **** * Return:
 120:Generated_Source\PSoC4/cyfitter_cfg.c **** *   void
 121:Generated_Source\PSoC4/cyfitter_cfg.c **** *
 122:Generated_Source\PSoC4/cyfitter_cfg.c **** *******************************************************************************/
 123:Generated_Source\PSoC4/cyfitter_cfg.c **** CY_CFG_UNUSED
 124:Generated_Source\PSoC4/cyfitter_cfg.c **** static void CyClockStartupError(uint8 errorCode);
 125:Generated_Source\PSoC4/cyfitter_cfg.c **** CY_CFG_UNUSED
 126:Generated_Source\PSoC4/cyfitter_cfg.c **** static void CyClockStartupError(uint8 errorCode)
 127:Generated_Source\PSoC4/cyfitter_cfg.c **** {
 128:Generated_Source\PSoC4/cyfitter_cfg.c ****     /* To remove the compiler warning if errorCode not used.                */
 129:Generated_Source\PSoC4/cyfitter_cfg.c ****     errorCode = errorCode;
 130:Generated_Source\PSoC4/cyfitter_cfg.c **** 
 131:Generated_Source\PSoC4/cyfitter_cfg.c ****     /* If we have a clock startup error (bad MHz crystal, PLL lock, etc.),  */
 132:Generated_Source\PSoC4/cyfitter_cfg.c ****     /* we will end up here to allow the customer to implement something to  */
 133:Generated_Source\PSoC4/cyfitter_cfg.c ****     /* deal with the clock condition.                                       */
 134:Generated_Source\PSoC4/cyfitter_cfg.c **** 
 135:Generated_Source\PSoC4/cyfitter_cfg.c **** #ifdef CY_CFG_CLOCK_STARTUP_ERROR_CALLBACK
 136:Generated_Source\PSoC4/cyfitter_cfg.c ****     CY_CFG_Clock_Startup_ErrorCallback();
 137:Generated_Source\PSoC4/cyfitter_cfg.c **** #else
 138:Generated_Source\PSoC4/cyfitter_cfg.c ****     /*  If not using CY_CFG_CLOCK_STARTUP_ERROR_CALLBACK, place your clock startup code here. */
 139:Generated_Source\PSoC4/cyfitter_cfg.c ****     /* `#START CyClockStartupError` */
 140:Generated_Source\PSoC4/cyfitter_cfg.c **** 
 141:Generated_Source\PSoC4/cyfitter_cfg.c **** 
 142:Generated_Source\PSoC4/cyfitter_cfg.c **** 
 143:Generated_Source\PSoC4/cyfitter_cfg.c ****     /* `#END` */
 144:Generated_Source\PSoC4/cyfitter_cfg.c **** 
 145:Generated_Source\PSoC4/cyfitter_cfg.c ****     while(1) {}
ARM GAS  C:\Users\exp32\AppData\Local\Temp\ccHbpQAe.s 			page 4


 146:Generated_Source\PSoC4/cyfitter_cfg.c **** #endif /* CY_CFG_CLOCK_STARTUP_ERROR_CALLBACK */
 147:Generated_Source\PSoC4/cyfitter_cfg.c **** }
 148:Generated_Source\PSoC4/cyfitter_cfg.c **** #endif
 149:Generated_Source\PSoC4/cyfitter_cfg.c **** 
 150:Generated_Source\PSoC4/cyfitter_cfg.c **** 
 151:Generated_Source\PSoC4/cyfitter_cfg.c **** 
 152:Generated_Source\PSoC4/cyfitter_cfg.c **** /*******************************************************************************
 153:Generated_Source\PSoC4/cyfitter_cfg.c **** * Function Name: ClockSetup
 154:Generated_Source\PSoC4/cyfitter_cfg.c **** ********************************************************************************
 155:Generated_Source\PSoC4/cyfitter_cfg.c **** *
 156:Generated_Source\PSoC4/cyfitter_cfg.c **** * Summary:
 157:Generated_Source\PSoC4/cyfitter_cfg.c **** *   Performs the initialization of all of the clocks in the device based on the
 158:Generated_Source\PSoC4/cyfitter_cfg.c **** *   settings in the Clock tab of the DWR.  This includes enabling the requested
 159:Generated_Source\PSoC4/cyfitter_cfg.c **** *   clocks and setting the necessary dividers to produce the desired frequency. 
 160:Generated_Source\PSoC4/cyfitter_cfg.c **** *
 161:Generated_Source\PSoC4/cyfitter_cfg.c **** * Parameters:
 162:Generated_Source\PSoC4/cyfitter_cfg.c **** *   void
 163:Generated_Source\PSoC4/cyfitter_cfg.c **** *
 164:Generated_Source\PSoC4/cyfitter_cfg.c **** * Return:
 165:Generated_Source\PSoC4/cyfitter_cfg.c **** *   void
 166:Generated_Source\PSoC4/cyfitter_cfg.c **** *
 167:Generated_Source\PSoC4/cyfitter_cfg.c **** *******************************************************************************/
 168:Generated_Source\PSoC4/cyfitter_cfg.c **** static void ClockSetup(void);
 169:Generated_Source\PSoC4/cyfitter_cfg.c **** CY_CFG_SECTION
 170:Generated_Source\PSoC4/cyfitter_cfg.c **** static void ClockSetup(void)
 171:Generated_Source\PSoC4/cyfitter_cfg.c **** {
  27              		.loc 1 171 0
  28              		.cfi_startproc
  29              		@ args = 0, pretend = 0, frame = 0
  30              		@ frame_needed = 0, uses_anonymous_args = 0
  31 0000 10B5     		push	{r4, lr}
  32              		.cfi_def_cfa_offset 8
  33              		.cfi_offset 4, -8
  34              		.cfi_offset 14, -4
 172:Generated_Source\PSoC4/cyfitter_cfg.c **** 
 173:Generated_Source\PSoC4/cyfitter_cfg.c **** 	/* Set Flash Cycles based on max possible frequency in case a glitch occurs during ClockSetup(). *
 174:Generated_Source\PSoC4/cyfitter_cfg.c **** 	CY_SET_REG32((void CYXDATA *)(CYREG_CPUSS_FLASH_CTL), (0x0012u));
  35              		.loc 1 174 0
  36 0002 1222     		movs	r2, #18
  37 0004 214B     		ldr	r3, .L2
  38 0006 1A60     		str	r2, [r3]
 175:Generated_Source\PSoC4/cyfitter_cfg.c **** 	/* Update IMO to new clock speed. */
 176:Generated_Source\PSoC4/cyfitter_cfg.c **** 	CySysClkWriteImoFreq(48u);
  39              		.loc 1 176 0
  40 0008 3020     		movs	r0, #48
  41 000a FFF7FEFF 		bl	CySysClkWriteImoFreq
  42              	.LVL0:
 177:Generated_Source\PSoC4/cyfitter_cfg.c **** 
 178:Generated_Source\PSoC4/cyfitter_cfg.c **** 	/* Setup phase aligned clocks */
 179:Generated_Source\PSoC4/cyfitter_cfg.c **** 	CY_SET_REG32((void *)CYREG_PERI_DIV_16_CTL3, 0x00002F00u);
  43              		.loc 1 179 0
  44 000e BC22     		movs	r2, #188
  45 0010 9201     		lsls	r2, r2, #6
  46 0012 1F4B     		ldr	r3, .L2+4
  47 0014 1A60     		str	r2, [r3]
 180:Generated_Source\PSoC4/cyfitter_cfg.c **** 	CY_SET_REG32((void *)CYREG_PERI_DIV_CMD, 0x8000FF43u);
  48              		.loc 1 180 0
ARM GAS  C:\Users\exp32\AppData\Local\Temp\ccHbpQAe.s 			page 5


  49 0016 1F4B     		ldr	r3, .L2+8
  50 0018 1F4A     		ldr	r2, .L2+12
  51 001a 1A60     		str	r2, [r3]
 181:Generated_Source\PSoC4/cyfitter_cfg.c **** 	CY_SET_REG32((void *)CYREG_PERI_DIV_16_CTL2, 0x00000300u);
  52              		.loc 1 181 0
  53 001c C021     		movs	r1, #192
  54 001e 8900     		lsls	r1, r1, #2
  55 0020 1E4A     		ldr	r2, .L2+16
  56 0022 1160     		str	r1, [r2]
 182:Generated_Source\PSoC4/cyfitter_cfg.c **** 	CY_SET_REG32((void *)CYREG_PERI_DIV_CMD, 0x8000FF42u);
  57              		.loc 1 182 0
  58 0024 1E4A     		ldr	r2, .L2+20
  59 0026 1A60     		str	r2, [r3]
 183:Generated_Source\PSoC4/cyfitter_cfg.c **** 	CY_SET_REG32((void *)CYREG_PERI_DIV_16_CTL0, 0x0000FE00u);
  60              		.loc 1 183 0
  61 0028 FE21     		movs	r1, #254
  62 002a 0902     		lsls	r1, r1, #8
  63 002c 1D4A     		ldr	r2, .L2+24
  64 002e 1160     		str	r1, [r2]
 184:Generated_Source\PSoC4/cyfitter_cfg.c **** 	CY_SET_REG32((void *)CYREG_PERI_DIV_CMD, 0x8000FF40u);
  65              		.loc 1 184 0
  66 0030 1D4A     		ldr	r2, .L2+28
  67 0032 1A60     		str	r2, [r3]
 185:Generated_Source\PSoC4/cyfitter_cfg.c **** 	CY_SET_REG32((void *)CYREG_PERI_DIV_16_CTL4, 0x0000CF00u);
  68              		.loc 1 185 0
  69 0034 CF21     		movs	r1, #207
  70 0036 0902     		lsls	r1, r1, #8
  71 0038 1C4A     		ldr	r2, .L2+32
  72 003a 1160     		str	r1, [r2]
 186:Generated_Source\PSoC4/cyfitter_cfg.c **** 	CY_SET_REG32((void *)CYREG_PERI_DIV_CMD, 0x8000FF44u);
  73              		.loc 1 186 0
  74 003c 1C4A     		ldr	r2, .L2+36
  75 003e 1A60     		str	r2, [r3]
 187:Generated_Source\PSoC4/cyfitter_cfg.c **** 	CY_SET_REG32((void *)CYREG_PERI_DIV_16_CTL1, 0x0001DF00u);
  76              		.loc 1 187 0
  77 0040 1C49     		ldr	r1, .L2+40
  78 0042 1D4A     		ldr	r2, .L2+44
  79 0044 1160     		str	r1, [r2]
 188:Generated_Source\PSoC4/cyfitter_cfg.c **** 	CY_SET_REG32((void *)CYREG_PERI_DIV_CMD, 0x8000FF41u);
  80              		.loc 1 188 0
  81 0046 1D4A     		ldr	r2, .L2+48
  82 0048 1A60     		str	r2, [r3]
 189:Generated_Source\PSoC4/cyfitter_cfg.c **** 
 190:Generated_Source\PSoC4/cyfitter_cfg.c **** 	/* CYDEV_CLK_SELECT Starting address: CYDEV_CLK_SELECT */
 191:Generated_Source\PSoC4/cyfitter_cfg.c **** 	CY_SET_REG32((void *)(CYREG_CLK_SELECT), 0x00000020u);
  83              		.loc 1 191 0
  84 004a 2022     		movs	r2, #32
  85 004c 1C4B     		ldr	r3, .L2+52
  86 004e 1A60     		str	r2, [r3]
 192:Generated_Source\PSoC4/cyfitter_cfg.c **** 
 193:Generated_Source\PSoC4/cyfitter_cfg.c **** 	/* CYDEV_PERI_PCLK_CTL18 Starting address: CYDEV_PERI_PCLK_CTL18 */
 194:Generated_Source\PSoC4/cyfitter_cfg.c **** 	CY_SET_REG32((void *)(CYREG_PERI_PCLK_CTL18), 0x00000043u);
  87              		.loc 1 194 0
  88 0050 2332     		adds	r2, r2, #35
  89 0052 1C4B     		ldr	r3, .L2+56
  90 0054 1A60     		str	r2, [r3]
 195:Generated_Source\PSoC4/cyfitter_cfg.c **** 
ARM GAS  C:\Users\exp32\AppData\Local\Temp\ccHbpQAe.s 			page 6


 196:Generated_Source\PSoC4/cyfitter_cfg.c **** 	/* CYDEV_PERI_PCLK_CTL12 Starting address: CYDEV_PERI_PCLK_CTL12 */
 197:Generated_Source\PSoC4/cyfitter_cfg.c **** 	CY_SET_REG32((void *)(CYREG_PERI_PCLK_CTL12), 0x00000042u);
  91              		.loc 1 197 0
  92 0056 013A     		subs	r2, r2, #1
  93 0058 1B4B     		ldr	r3, .L2+60
  94 005a 1A60     		str	r2, [r3]
 198:Generated_Source\PSoC4/cyfitter_cfg.c **** 
 199:Generated_Source\PSoC4/cyfitter_cfg.c **** 	/* CYDEV_PERI_PCLK_CTL5 Starting address: CYDEV_PERI_PCLK_CTL5 */
 200:Generated_Source\PSoC4/cyfitter_cfg.c **** 	CY_SET_REG32((void *)(CYREG_PERI_PCLK_CTL5), 0x00000040u);
  95              		.loc 1 200 0
  96 005c 023A     		subs	r2, r2, #2
  97 005e 1B4B     		ldr	r3, .L2+64
  98 0060 1A60     		str	r2, [r3]
 201:Generated_Source\PSoC4/cyfitter_cfg.c **** 
 202:Generated_Source\PSoC4/cyfitter_cfg.c **** 	/* CYDEV_PERI_PCLK_CTL2 Starting address: CYDEV_PERI_PCLK_CTL2 */
 203:Generated_Source\PSoC4/cyfitter_cfg.c **** 	CY_SET_REG32((void *)(CYREG_PERI_PCLK_CTL2), 0x00000044u);
  99              		.loc 1 203 0
 100 0062 0432     		adds	r2, r2, #4
 101 0064 1A4B     		ldr	r3, .L2+68
 102 0066 1A60     		str	r2, [r3]
 204:Generated_Source\PSoC4/cyfitter_cfg.c **** 
 205:Generated_Source\PSoC4/cyfitter_cfg.c **** 	/* CYDEV_PERI_PCLK_CTL0 Starting address: CYDEV_PERI_PCLK_CTL0 */
 206:Generated_Source\PSoC4/cyfitter_cfg.c **** 	CY_SET_REG32((void *)(CYREG_PERI_PCLK_CTL0), 0x00000041u);
 103              		.loc 1 206 0
 104 0068 033A     		subs	r2, r2, #3
 105 006a 1A4B     		ldr	r3, .L2+72
 106 006c 1A60     		str	r2, [r3]
 207:Generated_Source\PSoC4/cyfitter_cfg.c **** 
 208:Generated_Source\PSoC4/cyfitter_cfg.c **** 	(void)CyIntSetVector(13u, &CySysTimerIsr);
 107              		.loc 1 208 0
 108 006e 1A49     		ldr	r1, .L2+76
 109 0070 0D20     		movs	r0, #13
 110 0072 FFF7FEFF 		bl	CyIntSetVector
 111              	.LVL1:
 209:Generated_Source\PSoC4/cyfitter_cfg.c **** 	CyIntEnable(13u);
 112              		.loc 1 209 0
 113 0076 0D20     		movs	r0, #13
 114 0078 FFF7FEFF 		bl	CyIntEnable
 115              	.LVL2:
 210:Generated_Source\PSoC4/cyfitter_cfg.c **** 	CY_SET_REG32((void *)(CYREG_WCO_WDT_CONFIG), 0x00000000u);
 116              		.loc 1 210 0
 117 007c 0022     		movs	r2, #0
 118 007e 174B     		ldr	r3, .L2+80
 119 0080 1A60     		str	r2, [r3]
 211:Generated_Source\PSoC4/cyfitter_cfg.c **** 	CySysClkSetTimerSource(CY_SYS_CLK_TIMER_SRC_ILO);
 120              		.loc 1 211 0
 121 0082 0020     		movs	r0, #0
 122 0084 FFF7FEFF 		bl	CySysClkSetTimerSource
 123              	.LVL3:
 212:Generated_Source\PSoC4/cyfitter_cfg.c **** }
 124              		.loc 1 212 0
 125              		@ sp needed
 126 0088 10BD     		pop	{r4, pc}
 127              	.L3:
 128 008a C046     		.align	2
 129              	.L2:
 130 008c 30001040 		.word	1074790448
ARM GAS  C:\Users\exp32\AppData\Local\Temp\ccHbpQAe.s 			page 7


 131 0090 0C030140 		.word	1073808140
 132 0094 00000140 		.word	1073807360
 133 0098 43FF0080 		.word	-2147418301
 134 009c 08030140 		.word	1073808136
 135 00a0 42FF0080 		.word	-2147418302
 136 00a4 00030140 		.word	1073808128
 137 00a8 40FF0080 		.word	-2147418304
 138 00ac 10030140 		.word	1073808144
 139 00b0 44FF0080 		.word	-2147418300
 140 00b4 00DF0100 		.word	122624
 141 00b8 04030140 		.word	1073808132
 142 00bc 41FF0080 		.word	-2147418303
 143 00c0 28000340 		.word	1073938472
 144 00c4 48010140 		.word	1073807688
 145 00c8 30010140 		.word	1073807664
 146 00cc 14010140 		.word	1073807636
 147 00d0 08010140 		.word	1073807624
 148 00d4 00010140 		.word	1073807616
 149 00d8 00000000 		.word	CySysTimerIsr
 150 00dc 0C022240 		.word	1075970572
 151              		.cfi_endproc
 152              	.LFE4:
 153              		.size	ClockSetup, .-ClockSetup
 154              		.section	.text.SetAnalogRoutingPumps,"ax",%progbits
 155              		.align	2
 156              		.global	SetAnalogRoutingPumps
 157              		.code	16
 158              		.thumb_func
 159              		.type	SetAnalogRoutingPumps, %function
 160              	SetAnalogRoutingPumps:
 161              	.LFB6:
 213:Generated_Source\PSoC4/cyfitter_cfg.c **** 
 214:Generated_Source\PSoC4/cyfitter_cfg.c **** 
 215:Generated_Source\PSoC4/cyfitter_cfg.c **** /* Analog API Functions */
 216:Generated_Source\PSoC4/cyfitter_cfg.c **** 
 217:Generated_Source\PSoC4/cyfitter_cfg.c **** 
 218:Generated_Source\PSoC4/cyfitter_cfg.c **** /*******************************************************************************
 219:Generated_Source\PSoC4/cyfitter_cfg.c **** * Function Name: AnalogSetDefault
 220:Generated_Source\PSoC4/cyfitter_cfg.c **** ********************************************************************************
 221:Generated_Source\PSoC4/cyfitter_cfg.c **** *
 222:Generated_Source\PSoC4/cyfitter_cfg.c **** * Summary:
 223:Generated_Source\PSoC4/cyfitter_cfg.c **** *  Sets up the analog portions of the chip to default values based on chip
 224:Generated_Source\PSoC4/cyfitter_cfg.c **** *  configuration options from the project.
 225:Generated_Source\PSoC4/cyfitter_cfg.c **** *
 226:Generated_Source\PSoC4/cyfitter_cfg.c **** * Parameters:
 227:Generated_Source\PSoC4/cyfitter_cfg.c **** *  void
 228:Generated_Source\PSoC4/cyfitter_cfg.c **** *
 229:Generated_Source\PSoC4/cyfitter_cfg.c **** * Return:
 230:Generated_Source\PSoC4/cyfitter_cfg.c **** *  void
 231:Generated_Source\PSoC4/cyfitter_cfg.c **** *
 232:Generated_Source\PSoC4/cyfitter_cfg.c **** *******************************************************************************/
 233:Generated_Source\PSoC4/cyfitter_cfg.c **** static void AnalogSetDefault(void);
 234:Generated_Source\PSoC4/cyfitter_cfg.c **** static void AnalogSetDefault(void)
 235:Generated_Source\PSoC4/cyfitter_cfg.c **** {
 236:Generated_Source\PSoC4/cyfitter_cfg.c **** 	CY_SET_XTND_REG32((void CYFAR *)CYREG_CSD_SW_DSI_SEL, 0x00000011u);
 237:Generated_Source\PSoC4/cyfitter_cfg.c **** 	CY_SET_XTND_REG32((void CYFAR *)CYREG_CTBM0_DFT_CTRL, 0x00000003u);
 238:Generated_Source\PSoC4/cyfitter_cfg.c **** 	CY_SET_XTND_REG32((void CYFAR *)CYREG_SAR_CTRL, 0x80000000u);
ARM GAS  C:\Users\exp32\AppData\Local\Temp\ccHbpQAe.s 			page 8


 239:Generated_Source\PSoC4/cyfitter_cfg.c **** 	CY_SET_XTND_REG32((void CYFAR *)CYREG_SAR_MUX_SWITCH0, 0x00000040u);
 240:Generated_Source\PSoC4/cyfitter_cfg.c **** 	CY_SET_XTND_REG32((void CYFAR *)CYREG_PASS_DSAB_DSAB_CTRL, 0x00000020u);
 241:Generated_Source\PSoC4/cyfitter_cfg.c **** 	SetAnalogRoutingPumps(1);
 242:Generated_Source\PSoC4/cyfitter_cfg.c **** }
 243:Generated_Source\PSoC4/cyfitter_cfg.c **** 
 244:Generated_Source\PSoC4/cyfitter_cfg.c **** 
 245:Generated_Source\PSoC4/cyfitter_cfg.c **** /*******************************************************************************
 246:Generated_Source\PSoC4/cyfitter_cfg.c **** * Function Name: SetAnalogRoutingPumps
 247:Generated_Source\PSoC4/cyfitter_cfg.c **** ********************************************************************************
 248:Generated_Source\PSoC4/cyfitter_cfg.c **** *
 249:Generated_Source\PSoC4/cyfitter_cfg.c **** * Summary:
 250:Generated_Source\PSoC4/cyfitter_cfg.c **** * Enables or disables the analog pumps feeding analog routing switches.
 251:Generated_Source\PSoC4/cyfitter_cfg.c **** * Intended to be called at startup, based on the Vdda system configuration;
 252:Generated_Source\PSoC4/cyfitter_cfg.c **** * may be called during operation when the user informs us that the Vdda voltage crossed the pump th
 253:Generated_Source\PSoC4/cyfitter_cfg.c **** *
 254:Generated_Source\PSoC4/cyfitter_cfg.c **** * Parameters:
 255:Generated_Source\PSoC4/cyfitter_cfg.c **** *  enabled - 1 to enable the pumps, 0 to disable the pumps
 256:Generated_Source\PSoC4/cyfitter_cfg.c **** *
 257:Generated_Source\PSoC4/cyfitter_cfg.c **** * Return:
 258:Generated_Source\PSoC4/cyfitter_cfg.c **** *  void
 259:Generated_Source\PSoC4/cyfitter_cfg.c **** *
 260:Generated_Source\PSoC4/cyfitter_cfg.c **** *******************************************************************************/
 261:Generated_Source\PSoC4/cyfitter_cfg.c **** void SetAnalogRoutingPumps(uint8 enabled)
 262:Generated_Source\PSoC4/cyfitter_cfg.c **** {
 162              		.loc 1 262 0
 163              		.cfi_startproc
 164              		@ args = 0, pretend = 0, frame = 0
 165              		@ frame_needed = 0, uses_anonymous_args = 0
 166              		@ link register save eliminated.
 167              	.LVL4:
 263:Generated_Source\PSoC4/cyfitter_cfg.c **** 	uint32 regValue = CY_GET_XTND_REG32((void *)(CYREG_SAR_PUMP_CTRL));
 168              		.loc 1 263 0
 169 0000 064B     		ldr	r3, .L7
 170 0002 1B68     		ldr	r3, [r3]
 171              	.LVL5:
 264:Generated_Source\PSoC4/cyfitter_cfg.c **** 	if (enabled != 0u)
 172              		.loc 1 264 0
 173 0004 0028     		cmp	r0, #0
 174 0006 03D0     		beq	.L5
 265:Generated_Source\PSoC4/cyfitter_cfg.c **** 	{
 266:Generated_Source\PSoC4/cyfitter_cfg.c **** 		regValue |= 0x80000000u;
 175              		.loc 1 266 0
 176 0008 8022     		movs	r2, #128
 177 000a 1206     		lsls	r2, r2, #24
 178 000c 1343     		orrs	r3, r2
 179              	.LVL6:
 180 000e 01E0     		b	.L6
 181              	.L5:
 267:Generated_Source\PSoC4/cyfitter_cfg.c **** 	}
 268:Generated_Source\PSoC4/cyfitter_cfg.c **** 	else
 269:Generated_Source\PSoC4/cyfitter_cfg.c **** 	{
 270:Generated_Source\PSoC4/cyfitter_cfg.c **** 		regValue &= ~0x80000000u;
 182              		.loc 1 270 0
 183 0010 5B00     		lsls	r3, r3, #1
 184              	.LVL7:
 185 0012 5B08     		lsrs	r3, r3, #1
 186              	.LVL8:
ARM GAS  C:\Users\exp32\AppData\Local\Temp\ccHbpQAe.s 			page 9


 187              	.L6:
 271:Generated_Source\PSoC4/cyfitter_cfg.c **** 	}
 272:Generated_Source\PSoC4/cyfitter_cfg.c **** 	CY_SET_XTND_REG32((void *)(CYREG_SAR_PUMP_CTRL), regValue);
 188              		.loc 1 272 0
 189 0014 014A     		ldr	r2, .L7
 190 0016 1360     		str	r3, [r2]
 273:Generated_Source\PSoC4/cyfitter_cfg.c **** }
 191              		.loc 1 273 0
 192              		@ sp needed
 193 0018 7047     		bx	lr
 194              	.L8:
 195 001a C046     		.align	2
 196              	.L7:
 197 001c 80033A40 		.word	1077543808
 198              		.cfi_endproc
 199              	.LFE6:
 200              		.size	SetAnalogRoutingPumps, .-SetAnalogRoutingPumps
 201              		.section	.text.AnalogSetDefault,"ax",%progbits
 202              		.align	2
 203              		.code	16
 204              		.thumb_func
 205              		.type	AnalogSetDefault, %function
 206              	AnalogSetDefault:
 207              	.LFB5:
 235:Generated_Source\PSoC4/cyfitter_cfg.c **** 	CY_SET_XTND_REG32((void CYFAR *)CYREG_CSD_SW_DSI_SEL, 0x00000011u);
 208              		.loc 1 235 0
 209              		.cfi_startproc
 210              		@ args = 0, pretend = 0, frame = 0
 211              		@ frame_needed = 0, uses_anonymous_args = 0
 212 0000 10B5     		push	{r4, lr}
 213              		.cfi_def_cfa_offset 8
 214              		.cfi_offset 4, -8
 215              		.cfi_offset 14, -4
 236:Generated_Source\PSoC4/cyfitter_cfg.c **** 	CY_SET_XTND_REG32((void CYFAR *)CYREG_CTBM0_DFT_CTRL, 0x00000003u);
 216              		.loc 1 236 0
 217 0002 1122     		movs	r2, #17
 218 0004 094B     		ldr	r3, .L10
 219 0006 1A60     		str	r2, [r3]
 237:Generated_Source\PSoC4/cyfitter_cfg.c **** 	CY_SET_XTND_REG32((void CYFAR *)CYREG_SAR_CTRL, 0x80000000u);
 220              		.loc 1 237 0
 221 0008 0E3A     		subs	r2, r2, #14
 222 000a 094B     		ldr	r3, .L10+4
 223 000c 1A60     		str	r2, [r3]
 238:Generated_Source\PSoC4/cyfitter_cfg.c **** 	CY_SET_XTND_REG32((void CYFAR *)CYREG_SAR_MUX_SWITCH0, 0x00000040u);
 224              		.loc 1 238 0
 225 000e 8022     		movs	r2, #128
 226 0010 1206     		lsls	r2, r2, #24
 227 0012 084B     		ldr	r3, .L10+8
 228 0014 1A60     		str	r2, [r3]
 239:Generated_Source\PSoC4/cyfitter_cfg.c **** 	CY_SET_XTND_REG32((void CYFAR *)CYREG_PASS_DSAB_DSAB_CTRL, 0x00000020u);
 229              		.loc 1 239 0
 230 0016 4022     		movs	r2, #64
 231 0018 074B     		ldr	r3, .L10+12
 232 001a 1A60     		str	r2, [r3]
 240:Generated_Source\PSoC4/cyfitter_cfg.c **** 	SetAnalogRoutingPumps(1);
 233              		.loc 1 240 0
 234 001c 203A     		subs	r2, r2, #32
ARM GAS  C:\Users\exp32\AppData\Local\Temp\ccHbpQAe.s 			page 10


 235 001e 074B     		ldr	r3, .L10+16
 236 0020 1A60     		str	r2, [r3]
 241:Generated_Source\PSoC4/cyfitter_cfg.c **** }
 237              		.loc 1 241 0
 238 0022 0120     		movs	r0, #1
 239 0024 FFF7FEFF 		bl	SetAnalogRoutingPumps
 240              	.LVL9:
 242:Generated_Source\PSoC4/cyfitter_cfg.c **** 
 241              		.loc 1 242 0
 242              		@ sp needed
 243 0028 10BD     		pop	{r4, pc}
 244              	.L11:
 245 002a C046     		.align	2
 246              	.L10:
 247 002c C0022940 		.word	1076429504
 248 0030 30003040 		.word	1076887600
 249 0034 00003A40 		.word	1077542912
 250 0038 00033A40 		.word	1077543680
 251 003c 000E3F40 		.word	1077874176
 252              		.cfi_endproc
 253              	.LFE5:
 254              		.size	AnalogSetDefault, .-AnalogSetDefault
 255              		.section	.psocinit
 256              		.align	2
 257              		.global	cyfitter_cfg
 258              		.code	16
 259              		.thumb_func
 260              		.type	cyfitter_cfg, %function
 261              	cyfitter_cfg:
 262              	.LFB7:
 274:Generated_Source\PSoC4/cyfitter_cfg.c **** 
 275:Generated_Source\PSoC4/cyfitter_cfg.c **** 
 276:Generated_Source\PSoC4/cyfitter_cfg.c **** 
 277:Generated_Source\PSoC4/cyfitter_cfg.c **** 
 278:Generated_Source\PSoC4/cyfitter_cfg.c **** /*******************************************************************************
 279:Generated_Source\PSoC4/cyfitter_cfg.c **** * Function Name: cyfitter_cfg
 280:Generated_Source\PSoC4/cyfitter_cfg.c **** ********************************************************************************
 281:Generated_Source\PSoC4/cyfitter_cfg.c **** * Summary:
 282:Generated_Source\PSoC4/cyfitter_cfg.c **** *  This function is called by the start-up code for the selected device. It
 283:Generated_Source\PSoC4/cyfitter_cfg.c **** *  performs all of the necessary device configuration based on the design
 284:Generated_Source\PSoC4/cyfitter_cfg.c **** *  settings.  This includes settings from the Design Wide Resources (DWR) such
 285:Generated_Source\PSoC4/cyfitter_cfg.c **** *  as Clocks and Pins as well as any component configuration that is necessary.
 286:Generated_Source\PSoC4/cyfitter_cfg.c **** *
 287:Generated_Source\PSoC4/cyfitter_cfg.c **** * Parameters:
 288:Generated_Source\PSoC4/cyfitter_cfg.c **** *   void
 289:Generated_Source\PSoC4/cyfitter_cfg.c **** *
 290:Generated_Source\PSoC4/cyfitter_cfg.c **** * Return:
 291:Generated_Source\PSoC4/cyfitter_cfg.c **** *   void
 292:Generated_Source\PSoC4/cyfitter_cfg.c **** *
 293:Generated_Source\PSoC4/cyfitter_cfg.c **** *******************************************************************************/
 294:Generated_Source\PSoC4/cyfitter_cfg.c **** CY_CFG_SECTION
 295:Generated_Source\PSoC4/cyfitter_cfg.c **** void cyfitter_cfg(void)
 296:Generated_Source\PSoC4/cyfitter_cfg.c **** {
 263              		.loc 1 296 0
 264              		.cfi_startproc
 265              		@ args = 0, pretend = 0, frame = 0
 266              		@ frame_needed = 0, uses_anonymous_args = 0
ARM GAS  C:\Users\exp32\AppData\Local\Temp\ccHbpQAe.s 			page 11


 267 00e0 10B5     		push	{r4, lr}
 268              		.cfi_def_cfa_offset 8
 269              		.cfi_offset 4, -8
 270              		.cfi_offset 14, -4
 297:Generated_Source\PSoC4/cyfitter_cfg.c **** 	/* Disable interrupts by default. Let user enable if/when they want. */
 298:Generated_Source\PSoC4/cyfitter_cfg.c **** 	CyGlobalIntDisable;
 271              		.loc 1 298 0
 272              		.syntax divided
 273              	@ 298 "Generated_Source\PSoC4\cyfitter_cfg.c" 1
 274 00e2 72B6     		CPSID   i
 275              	@ 0 "" 2
 299:Generated_Source\PSoC4/cyfitter_cfg.c **** 
 300:Generated_Source\PSoC4/cyfitter_cfg.c **** 	{
 301:Generated_Source\PSoC4/cyfitter_cfg.c **** 		/* HSIOM Starting address: CYDEV_HSIOM_BASE */
 302:Generated_Source\PSoC4/cyfitter_cfg.c **** 		CY_SET_REG32((void *)(CYDEV_HSIOM_BASE), 0x0B000000u);
 276              		.loc 1 302 0
 277              		.thumb
 278              		.syntax unified
 279 00e4 B022     		movs	r2, #176
 280 00e6 1205     		lsls	r2, r2, #20
 281 00e8 1C4B     		ldr	r3, .L13
 282 00ea 1A60     		str	r2, [r3]
 303:Generated_Source\PSoC4/cyfitter_cfg.c **** 		CY_SET_REG32((void *)(CYREG_HSIOM_PORT_SEL1), 0x00080FFFu);
 283              		.loc 1 303 0
 284 00ec 1C4A     		ldr	r2, .L13+4
 285 00ee 1D4B     		ldr	r3, .L13+8
 286 00f0 1A60     		str	r2, [r3]
 304:Generated_Source\PSoC4/cyfitter_cfg.c **** 		CY_SET_REG32((void *)(CYREG_HSIOM_PORT_SEL3), 0x0000EE00u);
 287              		.loc 1 304 0
 288 00f2 EE22     		movs	r2, #238
 289 00f4 1202     		lsls	r2, r2, #8
 290 00f6 1C4B     		ldr	r3, .L13+12
 291 00f8 1A60     		str	r2, [r3]
 305:Generated_Source\PSoC4/cyfitter_cfg.c **** 
 306:Generated_Source\PSoC4/cyfitter_cfg.c **** 	}
 307:Generated_Source\PSoC4/cyfitter_cfg.c **** 
 308:Generated_Source\PSoC4/cyfitter_cfg.c **** 	/* Perform second pass device configuration. These items must be configured in specific order afte
 309:Generated_Source\PSoC4/cyfitter_cfg.c **** 	/* IOPINS0_0 Starting address: CYDEV_GPIO_PRT0_BASE */
 310:Generated_Source\PSoC4/cyfitter_cfg.c **** 	CY_SET_REG32((void *)(CYDEV_GPIO_PRT0_BASE), 0x00000077u);
 292              		.loc 1 310 0
 293 00fa 7722     		movs	r2, #119
 294 00fc 1B4B     		ldr	r3, .L13+16
 295 00fe 1A60     		str	r2, [r3]
 311:Generated_Source\PSoC4/cyfitter_cfg.c **** 	CY_SET_REG32((void *)(CYREG_GPIO_PRT0_PC), 0x00180000u);
 296              		.loc 1 311 0
 297 0100 C022     		movs	r2, #192
 298 0102 5203     		lsls	r2, r2, #13
 299 0104 1A4B     		ldr	r3, .L13+20
 300 0106 1A60     		str	r2, [r3]
 312:Generated_Source\PSoC4/cyfitter_cfg.c **** 	CY_SET_REG32((void *)(CYREG_GPIO_PRT0_PC2), 0x0000007Fu);
 301              		.loc 1 312 0
 302 0108 7F22     		movs	r2, #127
 303 010a 1A4B     		ldr	r3, .L13+24
 304 010c 1A60     		str	r2, [r3]
 313:Generated_Source\PSoC4/cyfitter_cfg.c **** 
 314:Generated_Source\PSoC4/cyfitter_cfg.c **** 	/* IOPINS0_1 Starting address: CYDEV_GPIO_PRT1_BASE */
 315:Generated_Source\PSoC4/cyfitter_cfg.c **** 	CY_SET_REG32((void *)(CYDEV_GPIO_PRT1_BASE), 0x00000015u);
ARM GAS  C:\Users\exp32\AppData\Local\Temp\ccHbpQAe.s 			page 12


 305              		.loc 1 315 0
 306 010e 6A3A     		subs	r2, r2, #106
 307 0110 194B     		ldr	r3, .L13+28
 308 0112 1A60     		str	r2, [r3]
 316:Generated_Source\PSoC4/cyfitter_cfg.c **** 	CY_SET_REG32((void *)(CYREG_GPIO_PRT1_PC), 0x0000638Eu);
 309              		.loc 1 316 0
 310 0114 194A     		ldr	r2, .L13+32
 311 0116 1A4B     		ldr	r3, .L13+36
 312 0118 1A60     		str	r2, [r3]
 317:Generated_Source\PSoC4/cyfitter_cfg.c **** 	CY_SET_REG32((void *)(CYREG_GPIO_PRT1_PC2), 0x00000005u);
 313              		.loc 1 317 0
 314 011a 0522     		movs	r2, #5
 315 011c 194B     		ldr	r3, .L13+40
 316 011e 1A60     		str	r2, [r3]
 318:Generated_Source\PSoC4/cyfitter_cfg.c **** 
 319:Generated_Source\PSoC4/cyfitter_cfg.c **** 	/* IOPINS0_2 Starting address: CYDEV_GPIO_PRT2_BASE */
 320:Generated_Source\PSoC4/cyfitter_cfg.c **** 	CY_SET_REG32((void *)(CYDEV_GPIO_PRT2_BASE), 0x00000040u);
 317              		.loc 1 320 0
 318 0120 4023     		movs	r3, #64
 319 0122 194A     		ldr	r2, .L13+44
 320 0124 1360     		str	r3, [r2]
 321:Generated_Source\PSoC4/cyfitter_cfg.c **** 	CY_SET_REG32((void *)(CYREG_GPIO_PRT2_PC2), 0x00000040u);
 321              		.loc 1 321 0
 322 0126 194A     		ldr	r2, .L13+48
 323 0128 1360     		str	r3, [r2]
 322:Generated_Source\PSoC4/cyfitter_cfg.c **** 
 323:Generated_Source\PSoC4/cyfitter_cfg.c **** 	/* IOPINS0_3 Starting address: CYDEV_GPIO_PRT3_BASE */
 324:Generated_Source\PSoC4/cyfitter_cfg.c **** 	CY_SET_REG32((void *)(CYDEV_GPIO_PRT3_BASE), 0x000000F3u);
 324              		.loc 1 324 0
 325 012a B333     		adds	r3, r3, #179
 326 012c 184A     		ldr	r2, .L13+52
 327 012e 1360     		str	r3, [r2]
 325:Generated_Source\PSoC4/cyfitter_cfg.c **** 	CY_SET_REG32((void *)(CYREG_GPIO_PRT3_PC), 0x00000D80u);
 328              		.loc 1 325 0
 329 0130 D821     		movs	r1, #216
 330 0132 0901     		lsls	r1, r1, #4
 331 0134 174A     		ldr	r2, .L13+56
 332 0136 1160     		str	r1, [r2]
 326:Generated_Source\PSoC4/cyfitter_cfg.c **** 	CY_SET_REG32((void *)(CYREG_GPIO_PRT3_PC2), 0x000000F3u);
 333              		.loc 1 326 0
 334 0138 174A     		ldr	r2, .L13+60
 335 013a 1360     		str	r3, [r2]
 327:Generated_Source\PSoC4/cyfitter_cfg.c **** 
 328:Generated_Source\PSoC4/cyfitter_cfg.c **** 	/* IOPINS0_4 Starting address: CYDEV_GPIO_PRT4_BASE */
 329:Generated_Source\PSoC4/cyfitter_cfg.c **** 	CY_SET_REG32((void *)(CYDEV_GPIO_PRT4_BASE), 0x0000000Du);
 336              		.loc 1 329 0
 337 013c 0D22     		movs	r2, #13
 338 013e 174B     		ldr	r3, .L13+64
 339 0140 1A60     		str	r2, [r3]
 330:Generated_Source\PSoC4/cyfitter_cfg.c **** 	CY_SET_REG32((void *)(CYREG_GPIO_PRT4_PC2), 0x0000000Fu);
 340              		.loc 1 330 0
 341 0142 0232     		adds	r2, r2, #2
 342 0144 164B     		ldr	r3, .L13+68
 343 0146 1A60     		str	r2, [r3]
 331:Generated_Source\PSoC4/cyfitter_cfg.c **** 
 332:Generated_Source\PSoC4/cyfitter_cfg.c **** 	/* IOPINS0_6 Starting address: CYDEV_GPIO_PRT6_BASE */
 333:Generated_Source\PSoC4/cyfitter_cfg.c **** 	CY_SET_REG32((void *)(CYDEV_GPIO_PRT6_BASE), 0x00000007u);
ARM GAS  C:\Users\exp32\AppData\Local\Temp\ccHbpQAe.s 			page 13


 344              		.loc 1 333 0
 345 0148 0723     		movs	r3, #7
 346 014a 164A     		ldr	r2, .L13+72
 347 014c 1360     		str	r3, [r2]
 334:Generated_Source\PSoC4/cyfitter_cfg.c **** 	CY_SET_REG32((void *)(CYREG_GPIO_PRT6_PC2), 0x00000007u);
 348              		.loc 1 334 0
 349 014e 164A     		ldr	r2, .L13+76
 350 0150 1360     		str	r3, [r2]
 335:Generated_Source\PSoC4/cyfitter_cfg.c **** 
 336:Generated_Source\PSoC4/cyfitter_cfg.c **** 
 337:Generated_Source\PSoC4/cyfitter_cfg.c **** 	/* Setup clocks based on selections from Clock DWR */
 338:Generated_Source\PSoC4/cyfitter_cfg.c **** 	ClockSetup();
 351              		.loc 1 338 0
 352 0152 FFF755FF 		bl	ClockSetup
 353              	.LVL10:
 339:Generated_Source\PSoC4/cyfitter_cfg.c **** 
 340:Generated_Source\PSoC4/cyfitter_cfg.c **** 	/* Perform basic analog initialization to defaults */
 341:Generated_Source\PSoC4/cyfitter_cfg.c **** 	AnalogSetDefault();
 354              		.loc 1 341 0
 355 0156 FFF7FEFF 		bl	AnalogSetDefault
 356              	.LVL11:
 342:Generated_Source\PSoC4/cyfitter_cfg.c **** 
 343:Generated_Source\PSoC4/cyfitter_cfg.c **** }
 357              		.loc 1 343 0
 358              		@ sp needed
 359 015a 10BD     		pop	{r4, pc}
 360              	.L14:
 361              		.align	2
 362              	.L13:
 363 015c 00000240 		.word	1073872896
 364 0160 FF0F0800 		.word	528383
 365 0164 00010240 		.word	1073873152
 366 0168 00030240 		.word	1073873664
 367 016c 00000440 		.word	1074003968
 368 0170 08000440 		.word	1074003976
 369 0174 18000440 		.word	1074003992
 370 0178 00010440 		.word	1074004224
 371 017c 8E630000 		.word	25486
 372 0180 08010440 		.word	1074004232
 373 0184 18010440 		.word	1074004248
 374 0188 00020440 		.word	1074004480
 375 018c 18020440 		.word	1074004504
 376 0190 00030440 		.word	1074004736
 377 0194 08030440 		.word	1074004744
 378 0198 18030440 		.word	1074004760
 379 019c 00040440 		.word	1074004992
 380 01a0 18040440 		.word	1074005016
 381 01a4 00060440 		.word	1074005504
 382 01a8 18060440 		.word	1074005528
 383              		.cfi_endproc
 384              	.LFE7:
 385              		.size	cyfitter_cfg, .-cyfitter_cfg
 386              		.text
 387              	.Letext0:
 388              		.file 2 "Generated_Source\\PSoC4\\cytypes.h"
 389              		.file 3 "Generated_Source\\PSoC4\\CyLib.h"
 390              		.file 4 "Generated_Source\\PSoC4\\CyLFClk.h"
ARM GAS  C:\Users\exp32\AppData\Local\Temp\ccHbpQAe.s 			page 14


 391              		.section	.debug_info,"",%progbits
 392              	.Ldebug_info0:
 393 0000 C2010000 		.4byte	0x1c2
 394 0004 0400     		.2byte	0x4
 395 0006 00000000 		.4byte	.Ldebug_abbrev0
 396 000a 04       		.byte	0x4
 397 000b 01       		.uleb128 0x1
 398 000c 91010000 		.4byte	.LASF25
 399 0010 0C       		.byte	0xc
 400 0011 2F020000 		.4byte	.LASF26
 401 0015 C4000000 		.4byte	.LASF27
 402 0019 00000000 		.4byte	.Ldebug_ranges0+0
 403 001d 00000000 		.4byte	0
 404 0021 00000000 		.4byte	.Ldebug_line0
 405 0025 02       		.uleb128 0x2
 406 0026 04       		.byte	0x4
 407 0027 05       		.byte	0x5
 408 0028 696E7400 		.ascii	"int\000"
 409 002c 03       		.uleb128 0x3
 410 002d 04       		.byte	0x4
 411 002e 07       		.byte	0x7
 412 002f 15010000 		.4byte	.LASF0
 413 0033 03       		.uleb128 0x3
 414 0034 08       		.byte	0x8
 415 0035 05       		.byte	0x5
 416 0036 42010000 		.4byte	.LASF1
 417 003a 03       		.uleb128 0x3
 418 003b 08       		.byte	0x8
 419 003c 04       		.byte	0x4
 420 003d 85010000 		.4byte	.LASF2
 421 0041 03       		.uleb128 0x3
 422 0042 01       		.byte	0x1
 423 0043 06       		.byte	0x6
 424 0044 23020000 		.4byte	.LASF3
 425 0048 03       		.uleb128 0x3
 426 0049 01       		.byte	0x1
 427 004a 08       		.byte	0x8
 428 004b 61000000 		.4byte	.LASF4
 429 004f 03       		.uleb128 0x3
 430 0050 02       		.byte	0x2
 431 0051 05       		.byte	0x5
 432 0052 5D010000 		.4byte	.LASF5
 433 0056 03       		.uleb128 0x3
 434 0057 02       		.byte	0x2
 435 0058 07       		.byte	0x7
 436 0059 48000000 		.4byte	.LASF6
 437 005d 03       		.uleb128 0x3
 438 005e 04       		.byte	0x4
 439 005f 05       		.byte	0x5
 440 0060 7C010000 		.4byte	.LASF7
 441 0064 03       		.uleb128 0x3
 442 0065 04       		.byte	0x4
 443 0066 07       		.byte	0x7
 444 0067 6F000000 		.4byte	.LASF8
 445 006b 03       		.uleb128 0x3
 446 006c 08       		.byte	0x8
 447 006d 07       		.byte	0x7
ARM GAS  C:\Users\exp32\AppData\Local\Temp\ccHbpQAe.s 			page 15


 448 006e 22010000 		.4byte	.LASF9
 449 0072 03       		.uleb128 0x3
 450 0073 04       		.byte	0x4
 451 0074 07       		.byte	0x7
 452 0075 39010000 		.4byte	.LASF10
 453 0079 03       		.uleb128 0x3
 454 007a 01       		.byte	0x1
 455 007b 08       		.byte	0x8
 456 007c 50010000 		.4byte	.LASF11
 457 0080 04       		.uleb128 0x4
 458 0081 81000000 		.4byte	.LASF12
 459 0085 02       		.byte	0x2
 460 0086 FB01     		.2byte	0x1fb
 461 0088 48000000 		.4byte	0x48
 462 008c 04       		.uleb128 0x4
 463 008d BD000000 		.4byte	.LASF13
 464 0091 02       		.byte	0x2
 465 0092 FD01     		.2byte	0x1fd
 466 0094 64000000 		.4byte	0x64
 467 0098 03       		.uleb128 0x3
 468 0099 04       		.byte	0x4
 469 009a 04       		.byte	0x4
 470 009b 5B000000 		.4byte	.LASF14
 471 009f 03       		.uleb128 0x3
 472 00a0 08       		.byte	0x8
 473 00a1 04       		.byte	0x4
 474 00a2 AA000000 		.4byte	.LASF15
 475 00a6 04       		.uleb128 0x4
 476 00a7 00000000 		.4byte	.LASF16
 477 00ab 02       		.byte	0x2
 478 00ac A702     		.2byte	0x2a7
 479 00ae B2000000 		.4byte	0xb2
 480 00b2 05       		.uleb128 0x5
 481 00b3 8C000000 		.4byte	0x8c
 482 00b7 06       		.uleb128 0x6
 483 00b8 3D000000 		.4byte	.LASF17
 484 00bc 01       		.byte	0x1
 485 00bd AA       		.byte	0xaa
 486 00be 00000000 		.4byte	.LFB4
 487 00c2 E0000000 		.4byte	.LFE4-.LFB4
 488 00c6 01       		.uleb128 0x1
 489 00c7 9C       		.byte	0x9c
 490 00c8 16010000 		.4byte	0x116
 491 00cc 07       		.uleb128 0x7
 492 00cd 0E000000 		.4byte	.LVL0
 493 00d1 99010000 		.4byte	0x199
 494 00d5 E0000000 		.4byte	0xe0
 495 00d9 08       		.uleb128 0x8
 496 00da 01       		.uleb128 0x1
 497 00db 50       		.byte	0x50
 498 00dc 02       		.uleb128 0x2
 499 00dd 08       		.byte	0x8
 500 00de 30       		.byte	0x30
 501 00df 00       		.byte	0
 502 00e0 07       		.uleb128 0x7
 503 00e1 76000000 		.4byte	.LVL1
 504 00e5 A4010000 		.4byte	0x1a4
ARM GAS  C:\Users\exp32\AppData\Local\Temp\ccHbpQAe.s 			page 16


 505 00e9 F3000000 		.4byte	0xf3
 506 00ed 08       		.uleb128 0x8
 507 00ee 01       		.uleb128 0x1
 508 00ef 50       		.byte	0x50
 509 00f0 01       		.uleb128 0x1
 510 00f1 3D       		.byte	0x3d
 511 00f2 00       		.byte	0
 512 00f3 07       		.uleb128 0x7
 513 00f4 7C000000 		.4byte	.LVL2
 514 00f8 AF010000 		.4byte	0x1af
 515 00fc 06010000 		.4byte	0x106
 516 0100 08       		.uleb128 0x8
 517 0101 01       		.uleb128 0x1
 518 0102 50       		.byte	0x50
 519 0103 01       		.uleb128 0x1
 520 0104 3D       		.byte	0x3d
 521 0105 00       		.byte	0
 522 0106 09       		.uleb128 0x9
 523 0107 88000000 		.4byte	.LVL3
 524 010b BA010000 		.4byte	0x1ba
 525 010f 08       		.uleb128 0x8
 526 0110 01       		.uleb128 0x1
 527 0111 50       		.byte	0x50
 528 0112 01       		.uleb128 0x1
 529 0113 30       		.byte	0x30
 530 0114 00       		.byte	0
 531 0115 00       		.byte	0
 532 0116 0A       		.uleb128 0xa
 533 0117 94000000 		.4byte	.LASF19
 534 011b 01       		.byte	0x1
 535 011c 0501     		.2byte	0x105
 536 011e 00000000 		.4byte	.LFB6
 537 0122 20000000 		.4byte	.LFE6-.LFB6
 538 0126 01       		.uleb128 0x1
 539 0127 9C       		.byte	0x9c
 540 0128 4B010000 		.4byte	0x14b
 541 012c 0B       		.uleb128 0xb
 542 012d 55010000 		.4byte	.LASF28
 543 0131 01       		.byte	0x1
 544 0132 0501     		.2byte	0x105
 545 0134 80000000 		.4byte	0x80
 546 0138 01       		.uleb128 0x1
 547 0139 50       		.byte	0x50
 548 013a 0C       		.uleb128 0xc
 549 013b 55020000 		.4byte	.LASF29
 550 013f 01       		.byte	0x1
 551 0140 0701     		.2byte	0x107
 552 0142 8C000000 		.4byte	0x8c
 553 0146 00000000 		.4byte	.LLST0
 554 014a 00       		.byte	0
 555 014b 06       		.uleb128 0x6
 556 014c 06000000 		.4byte	.LASF18
 557 0150 01       		.byte	0x1
 558 0151 EA       		.byte	0xea
 559 0152 00000000 		.4byte	.LFB5
 560 0156 40000000 		.4byte	.LFE5-.LFB5
 561 015a 01       		.uleb128 0x1
ARM GAS  C:\Users\exp32\AppData\Local\Temp\ccHbpQAe.s 			page 17


 562 015b 9C       		.byte	0x9c
 563 015c 70010000 		.4byte	0x170
 564 0160 09       		.uleb128 0x9
 565 0161 28000000 		.4byte	.LVL9
 566 0165 16010000 		.4byte	0x116
 567 0169 08       		.uleb128 0x8
 568 016a 01       		.uleb128 0x1
 569 016b 50       		.byte	0x50
 570 016c 01       		.uleb128 0x1
 571 016d 31       		.byte	0x31
 572 016e 00       		.byte	0
 573 016f 00       		.byte	0
 574 0170 0A       		.uleb128 0xa
 575 0171 87000000 		.4byte	.LASF20
 576 0175 01       		.byte	0x1
 577 0176 2701     		.2byte	0x127
 578 0178 E0000000 		.4byte	.LFB7
 579 017c CC000000 		.4byte	.LFE7-.LFB7
 580 0180 01       		.uleb128 0x1
 581 0181 9C       		.byte	0x9c
 582 0182 99010000 		.4byte	0x199
 583 0186 0D       		.uleb128 0xd
 584 0187 56010000 		.4byte	.LVL10
 585 018b B7000000 		.4byte	0xb7
 586 018f 0D       		.uleb128 0xd
 587 0190 5A010000 		.4byte	.LVL11
 588 0194 4B010000 		.4byte	0x14b
 589 0198 00       		.byte	0
 590 0199 0E       		.uleb128 0xe
 591 019a 67010000 		.4byte	.LASF21
 592 019e 67010000 		.4byte	.LASF21
 593 01a2 03       		.byte	0x3
 594 01a3 6C       		.byte	0x6c
 595 01a4 0E       		.uleb128 0xe
 596 01a5 2E000000 		.4byte	.LASF22
 597 01a9 2E000000 		.4byte	.LASF22
 598 01ad 03       		.byte	0x3
 599 01ae D0       		.byte	0xd0
 600 01af 0E       		.uleb128 0xe
 601 01b0 B1000000 		.4byte	.LASF23
 602 01b4 B1000000 		.4byte	.LASF23
 603 01b8 03       		.byte	0x3
 604 01b9 D6       		.byte	0xd6
 605 01ba 0E       		.uleb128 0xe
 606 01bb 17000000 		.4byte	.LASF24
 607 01bf 17000000 		.4byte	.LASF24
 608 01c3 04       		.byte	0x4
 609 01c4 9F       		.byte	0x9f
 610 01c5 00       		.byte	0
 611              		.section	.debug_abbrev,"",%progbits
 612              	.Ldebug_abbrev0:
 613 0000 01       		.uleb128 0x1
 614 0001 11       		.uleb128 0x11
 615 0002 01       		.byte	0x1
 616 0003 25       		.uleb128 0x25
 617 0004 0E       		.uleb128 0xe
 618 0005 13       		.uleb128 0x13
ARM GAS  C:\Users\exp32\AppData\Local\Temp\ccHbpQAe.s 			page 18


 619 0006 0B       		.uleb128 0xb
 620 0007 03       		.uleb128 0x3
 621 0008 0E       		.uleb128 0xe
 622 0009 1B       		.uleb128 0x1b
 623 000a 0E       		.uleb128 0xe
 624 000b 55       		.uleb128 0x55
 625 000c 17       		.uleb128 0x17
 626 000d 11       		.uleb128 0x11
 627 000e 01       		.uleb128 0x1
 628 000f 10       		.uleb128 0x10
 629 0010 17       		.uleb128 0x17
 630 0011 00       		.byte	0
 631 0012 00       		.byte	0
 632 0013 02       		.uleb128 0x2
 633 0014 24       		.uleb128 0x24
 634 0015 00       		.byte	0
 635 0016 0B       		.uleb128 0xb
 636 0017 0B       		.uleb128 0xb
 637 0018 3E       		.uleb128 0x3e
 638 0019 0B       		.uleb128 0xb
 639 001a 03       		.uleb128 0x3
 640 001b 08       		.uleb128 0x8
 641 001c 00       		.byte	0
 642 001d 00       		.byte	0
 643 001e 03       		.uleb128 0x3
 644 001f 24       		.uleb128 0x24
 645 0020 00       		.byte	0
 646 0021 0B       		.uleb128 0xb
 647 0022 0B       		.uleb128 0xb
 648 0023 3E       		.uleb128 0x3e
 649 0024 0B       		.uleb128 0xb
 650 0025 03       		.uleb128 0x3
 651 0026 0E       		.uleb128 0xe
 652 0027 00       		.byte	0
 653 0028 00       		.byte	0
 654 0029 04       		.uleb128 0x4
 655 002a 16       		.uleb128 0x16
 656 002b 00       		.byte	0
 657 002c 03       		.uleb128 0x3
 658 002d 0E       		.uleb128 0xe
 659 002e 3A       		.uleb128 0x3a
 660 002f 0B       		.uleb128 0xb
 661 0030 3B       		.uleb128 0x3b
 662 0031 05       		.uleb128 0x5
 663 0032 49       		.uleb128 0x49
 664 0033 13       		.uleb128 0x13
 665 0034 00       		.byte	0
 666 0035 00       		.byte	0
 667 0036 05       		.uleb128 0x5
 668 0037 35       		.uleb128 0x35
 669 0038 00       		.byte	0
 670 0039 49       		.uleb128 0x49
 671 003a 13       		.uleb128 0x13
 672 003b 00       		.byte	0
 673 003c 00       		.byte	0
 674 003d 06       		.uleb128 0x6
 675 003e 2E       		.uleb128 0x2e
ARM GAS  C:\Users\exp32\AppData\Local\Temp\ccHbpQAe.s 			page 19


 676 003f 01       		.byte	0x1
 677 0040 03       		.uleb128 0x3
 678 0041 0E       		.uleb128 0xe
 679 0042 3A       		.uleb128 0x3a
 680 0043 0B       		.uleb128 0xb
 681 0044 3B       		.uleb128 0x3b
 682 0045 0B       		.uleb128 0xb
 683 0046 27       		.uleb128 0x27
 684 0047 19       		.uleb128 0x19
 685 0048 11       		.uleb128 0x11
 686 0049 01       		.uleb128 0x1
 687 004a 12       		.uleb128 0x12
 688 004b 06       		.uleb128 0x6
 689 004c 40       		.uleb128 0x40
 690 004d 18       		.uleb128 0x18
 691 004e 9742     		.uleb128 0x2117
 692 0050 19       		.uleb128 0x19
 693 0051 01       		.uleb128 0x1
 694 0052 13       		.uleb128 0x13
 695 0053 00       		.byte	0
 696 0054 00       		.byte	0
 697 0055 07       		.uleb128 0x7
 698 0056 898201   		.uleb128 0x4109
 699 0059 01       		.byte	0x1
 700 005a 11       		.uleb128 0x11
 701 005b 01       		.uleb128 0x1
 702 005c 31       		.uleb128 0x31
 703 005d 13       		.uleb128 0x13
 704 005e 01       		.uleb128 0x1
 705 005f 13       		.uleb128 0x13
 706 0060 00       		.byte	0
 707 0061 00       		.byte	0
 708 0062 08       		.uleb128 0x8
 709 0063 8A8201   		.uleb128 0x410a
 710 0066 00       		.byte	0
 711 0067 02       		.uleb128 0x2
 712 0068 18       		.uleb128 0x18
 713 0069 9142     		.uleb128 0x2111
 714 006b 18       		.uleb128 0x18
 715 006c 00       		.byte	0
 716 006d 00       		.byte	0
 717 006e 09       		.uleb128 0x9
 718 006f 898201   		.uleb128 0x4109
 719 0072 01       		.byte	0x1
 720 0073 11       		.uleb128 0x11
 721 0074 01       		.uleb128 0x1
 722 0075 31       		.uleb128 0x31
 723 0076 13       		.uleb128 0x13
 724 0077 00       		.byte	0
 725 0078 00       		.byte	0
 726 0079 0A       		.uleb128 0xa
 727 007a 2E       		.uleb128 0x2e
 728 007b 01       		.byte	0x1
 729 007c 3F       		.uleb128 0x3f
 730 007d 19       		.uleb128 0x19
 731 007e 03       		.uleb128 0x3
 732 007f 0E       		.uleb128 0xe
ARM GAS  C:\Users\exp32\AppData\Local\Temp\ccHbpQAe.s 			page 20


 733 0080 3A       		.uleb128 0x3a
 734 0081 0B       		.uleb128 0xb
 735 0082 3B       		.uleb128 0x3b
 736 0083 05       		.uleb128 0x5
 737 0084 27       		.uleb128 0x27
 738 0085 19       		.uleb128 0x19
 739 0086 11       		.uleb128 0x11
 740 0087 01       		.uleb128 0x1
 741 0088 12       		.uleb128 0x12
 742 0089 06       		.uleb128 0x6
 743 008a 40       		.uleb128 0x40
 744 008b 18       		.uleb128 0x18
 745 008c 9742     		.uleb128 0x2117
 746 008e 19       		.uleb128 0x19
 747 008f 01       		.uleb128 0x1
 748 0090 13       		.uleb128 0x13
 749 0091 00       		.byte	0
 750 0092 00       		.byte	0
 751 0093 0B       		.uleb128 0xb
 752 0094 05       		.uleb128 0x5
 753 0095 00       		.byte	0
 754 0096 03       		.uleb128 0x3
 755 0097 0E       		.uleb128 0xe
 756 0098 3A       		.uleb128 0x3a
 757 0099 0B       		.uleb128 0xb
 758 009a 3B       		.uleb128 0x3b
 759 009b 05       		.uleb128 0x5
 760 009c 49       		.uleb128 0x49
 761 009d 13       		.uleb128 0x13
 762 009e 02       		.uleb128 0x2
 763 009f 18       		.uleb128 0x18
 764 00a0 00       		.byte	0
 765 00a1 00       		.byte	0
 766 00a2 0C       		.uleb128 0xc
 767 00a3 34       		.uleb128 0x34
 768 00a4 00       		.byte	0
 769 00a5 03       		.uleb128 0x3
 770 00a6 0E       		.uleb128 0xe
 771 00a7 3A       		.uleb128 0x3a
 772 00a8 0B       		.uleb128 0xb
 773 00a9 3B       		.uleb128 0x3b
 774 00aa 05       		.uleb128 0x5
 775 00ab 49       		.uleb128 0x49
 776 00ac 13       		.uleb128 0x13
 777 00ad 02       		.uleb128 0x2
 778 00ae 17       		.uleb128 0x17
 779 00af 00       		.byte	0
 780 00b0 00       		.byte	0
 781 00b1 0D       		.uleb128 0xd
 782 00b2 898201   		.uleb128 0x4109
 783 00b5 00       		.byte	0
 784 00b6 11       		.uleb128 0x11
 785 00b7 01       		.uleb128 0x1
 786 00b8 31       		.uleb128 0x31
 787 00b9 13       		.uleb128 0x13
 788 00ba 00       		.byte	0
 789 00bb 00       		.byte	0
ARM GAS  C:\Users\exp32\AppData\Local\Temp\ccHbpQAe.s 			page 21


 790 00bc 0E       		.uleb128 0xe
 791 00bd 2E       		.uleb128 0x2e
 792 00be 00       		.byte	0
 793 00bf 3F       		.uleb128 0x3f
 794 00c0 19       		.uleb128 0x19
 795 00c1 3C       		.uleb128 0x3c
 796 00c2 19       		.uleb128 0x19
 797 00c3 6E       		.uleb128 0x6e
 798 00c4 0E       		.uleb128 0xe
 799 00c5 03       		.uleb128 0x3
 800 00c6 0E       		.uleb128 0xe
 801 00c7 3A       		.uleb128 0x3a
 802 00c8 0B       		.uleb128 0xb
 803 00c9 3B       		.uleb128 0x3b
 804 00ca 0B       		.uleb128 0xb
 805 00cb 00       		.byte	0
 806 00cc 00       		.byte	0
 807 00cd 00       		.byte	0
 808              		.section	.debug_loc,"",%progbits
 809              	.Ldebug_loc0:
 810              	.LLST0:
 811 0000 04000000 		.4byte	.LVL5
 812 0004 12000000 		.4byte	.LVL7
 813 0008 0100     		.2byte	0x1
 814 000a 53       		.byte	0x53
 815 000b 14000000 		.4byte	.LVL8
 816 000f 20000000 		.4byte	.LFE6
 817 0013 0100     		.2byte	0x1
 818 0015 53       		.byte	0x53
 819 0016 00000000 		.4byte	0
 820 001a 00000000 		.4byte	0
 821              		.section	.debug_aranges,"",%progbits
 822 0000 34000000 		.4byte	0x34
 823 0004 0200     		.2byte	0x2
 824 0006 00000000 		.4byte	.Ldebug_info0
 825 000a 04       		.byte	0x4
 826 000b 00       		.byte	0
 827 000c 0000     		.2byte	0
 828 000e 0000     		.2byte	0
 829 0010 00000000 		.4byte	.LFB4
 830 0014 E0000000 		.4byte	.LFE4-.LFB4
 831 0018 00000000 		.4byte	.LFB6
 832 001c 20000000 		.4byte	.LFE6-.LFB6
 833 0020 00000000 		.4byte	.LFB5
 834 0024 40000000 		.4byte	.LFE5-.LFB5
 835 0028 E0000000 		.4byte	.LFB7
 836 002c CC000000 		.4byte	.LFE7-.LFB7
 837 0030 00000000 		.4byte	0
 838 0034 00000000 		.4byte	0
 839              		.section	.debug_ranges,"",%progbits
 840              	.Ldebug_ranges0:
 841 0000 00000000 		.4byte	.LFB4
 842 0004 E0000000 		.4byte	.LFE4
 843 0008 00000000 		.4byte	.LFB6
 844 000c 20000000 		.4byte	.LFE6
 845 0010 00000000 		.4byte	.LFB5
 846 0014 40000000 		.4byte	.LFE5
ARM GAS  C:\Users\exp32\AppData\Local\Temp\ccHbpQAe.s 			page 22


 847 0018 E0000000 		.4byte	.LFB7
 848 001c AC010000 		.4byte	.LFE7
 849 0020 00000000 		.4byte	0
 850 0024 00000000 		.4byte	0
 851              		.section	.debug_line,"",%progbits
 852              	.Ldebug_line0:
 853 0000 D7000000 		.section	.debug_str,"MS",%progbits,1
 853      02006100 
 853      00000201 
 853      FB0E0D00 
 853      01010101 
 854              	.LASF16:
 855 0000 72656733 		.ascii	"reg32\000"
 855      3200
 856              	.LASF18:
 857 0006 416E616C 		.ascii	"AnalogSetDefault\000"
 857      6F675365 
 857      74446566 
 857      61756C74 
 857      00
 858              	.LASF24:
 859 0017 43795379 		.ascii	"CySysClkSetTimerSource\000"
 859      73436C6B 
 859      53657454 
 859      696D6572 
 859      536F7572 
 860              	.LASF22:
 861 002e 4379496E 		.ascii	"CyIntSetVector\000"
 861      74536574 
 861      56656374 
 861      6F7200
 862              	.LASF17:
 863 003d 436C6F63 		.ascii	"ClockSetup\000"
 863      6B536574 
 863      757000
 864              	.LASF6:
 865 0048 73686F72 		.ascii	"short unsigned int\000"
 865      7420756E 
 865      7369676E 
 865      65642069 
 865      6E7400
 866              	.LASF14:
 867 005b 666C6F61 		.ascii	"float\000"
 867      7400
 868              	.LASF4:
 869 0061 756E7369 		.ascii	"unsigned char\000"
 869      676E6564 
 869      20636861 
 869      7200
 870              	.LASF8:
 871 006f 6C6F6E67 		.ascii	"long unsigned int\000"
 871      20756E73 
 871      69676E65 
 871      6420696E 
 871      7400
 872              	.LASF12:
 873 0081 75696E74 		.ascii	"uint8\000"
ARM GAS  C:\Users\exp32\AppData\Local\Temp\ccHbpQAe.s 			page 23


 873      3800
 874              	.LASF20:
 875 0087 63796669 		.ascii	"cyfitter_cfg\000"
 875      74746572 
 875      5F636667 
 875      00
 876              	.LASF19:
 877 0094 53657441 		.ascii	"SetAnalogRoutingPumps\000"
 877      6E616C6F 
 877      67526F75 
 877      74696E67 
 877      50756D70 
 878              	.LASF15:
 879 00aa 646F7562 		.ascii	"double\000"
 879      6C6500
 880              	.LASF23:
 881 00b1 4379496E 		.ascii	"CyIntEnable\000"
 881      74456E61 
 881      626C6500 
 882              	.LASF13:
 883 00bd 75696E74 		.ascii	"uint32\000"
 883      333200
 884              	.LASF27:
 885 00c4 433A5C55 		.ascii	"C:\\Users\\exp32\\Documents\\PSoC Creator\\Workspac"
 885      73657273 
 885      5C657870 
 885      33325C44 
 885      6F63756D 
 886 00f2 6530315C 		.ascii	"e01\\CY8C4147AZI-S475_128KB_L.cydsn\000"
 886      43593843 
 886      34313437 
 886      415A492D 
 886      53343735 
 887              	.LASF0:
 888 0115 756E7369 		.ascii	"unsigned int\000"
 888      676E6564 
 888      20696E74 
 888      00
 889              	.LASF9:
 890 0122 6C6F6E67 		.ascii	"long long unsigned int\000"
 890      206C6F6E 
 890      6720756E 
 890      7369676E 
 890      65642069 
 891              	.LASF10:
 892 0139 73697A65 		.ascii	"sizetype\000"
 892      74797065 
 892      00
 893              	.LASF1:
 894 0142 6C6F6E67 		.ascii	"long long int\000"
 894      206C6F6E 
 894      6720696E 
 894      7400
 895              	.LASF11:
 896 0150 63686172 		.ascii	"char\000"
 896      00
 897              	.LASF28:
ARM GAS  C:\Users\exp32\AppData\Local\Temp\ccHbpQAe.s 			page 24


 898 0155 656E6162 		.ascii	"enabled\000"
 898      6C656400 
 899              	.LASF5:
 900 015d 73686F72 		.ascii	"short int\000"
 900      7420696E 
 900      7400
 901              	.LASF21:
 902 0167 43795379 		.ascii	"CySysClkWriteImoFreq\000"
 902      73436C6B 
 902      57726974 
 902      65496D6F 
 902      46726571 
 903              	.LASF7:
 904 017c 6C6F6E67 		.ascii	"long int\000"
 904      20696E74 
 904      00
 905              	.LASF2:
 906 0185 6C6F6E67 		.ascii	"long double\000"
 906      20646F75 
 906      626C6500 
 907              	.LASF25:
 908 0191 474E5520 		.ascii	"GNU C11 5.4.1 20160609 (release) [ARM/embedded-5-br"
 908      43313120 
 908      352E342E 
 908      31203230 
 908      31363036 
 909 01c4 616E6368 		.ascii	"anch revision 237715] -mcpu=cortex-m0plus -mthumb -"
 909      20726576 
 909      6973696F 
 909      6E203233 
 909      37373135 
 910 01f7 67202D4F 		.ascii	"g -Og -ffunction-sections -ffat-lto-objects\000"
 910      67202D66 
 910      66756E63 
 910      74696F6E 
 910      2D736563 
 911              	.LASF3:
 912 0223 7369676E 		.ascii	"signed char\000"
 912      65642063 
 912      68617200 
 913              	.LASF26:
 914 022f 47656E65 		.ascii	"Generated_Source\\PSoC4\\cyfitter_cfg.c\000"
 914      72617465 
 914      645F536F 
 914      75726365 
 914      5C50536F 
 915              	.LASF29:
 916 0255 72656756 		.ascii	"regValue\000"
 916      616C7565 
 916      00
 917              		.ident	"GCC: (GNU Tools for ARM Embedded Processors) 5.4.1 20160609 (release) [ARM/embedded-5-bran
